[2024-07-03T23:47:40.492-0300][0.008s] Using G1
[2024-07-03T23:47:40.620-0300][0.137s] Version: 17.0.7+7 (release)
[2024-07-03T23:47:40.620-0300][0.137s] CPUs: 5 total, 5 available
[2024-07-03T23:47:40.620-0300][0.137s] Memory: 7941M
[2024-07-03T23:47:40.620-0300][0.137s] Large Page Support: Disabled
[2024-07-03T23:47:40.620-0300][0.137s] NUMA Support: Disabled
[2024-07-03T23:47:40.620-0300][0.137s] Compressed Oops: Enabled (32-bit)
[2024-07-03T23:47:40.620-0300][0.137s] Heap Region Size: 1M
[2024-07-03T23:47:40.620-0300][0.137s] Heap Min Capacity: 512M
[2024-07-03T23:47:40.620-0300][0.137s] Heap Initial Capacity: 512M
[2024-07-03T23:47:40.620-0300][0.137s] Heap Max Capacity: 512M
[2024-07-03T23:47:40.620-0300][0.137s] Pre-touch: Enabled
[2024-07-03T23:47:40.620-0300][0.137s] Parallel Workers: 5
[2024-07-03T23:47:40.620-0300][0.137s] Concurrent Workers: 1
[2024-07-03T23:47:40.620-0300][0.137s] Concurrent Refinement Workers: 5
[2024-07-03T23:47:40.620-0300][0.137s] Periodic GC: Disabled
[2024-07-03T23:47:40.621-0300][0.137s] CDS archive(s) mapped at: [0x0000000800000000-0x0000000800a7b000-0x0000000800a7b000), size 10989568, SharedBaseAddress: 0x0000000800000000, ArchiveRelocationMode: 0.
[2024-07-03T23:47:40.621-0300][0.137s] Compressed class space mapped at: 0x0000000801000000-0x0000000841000000, reserved size: 1073741824
[2024-07-03T23:47:40.621-0300][0.137s] Narrow klass base: 0x0000000800000000, Narrow klass shift: 0, Narrow klass range: 0x100000000
[2024-07-03T23:47:41.717-0300][1.234s] GC(0) Pause Young (Normal) (G1 Evacuation Pause)
[2024-07-03T23:47:41.717-0300][1.234s] GC(0) Using 5 workers of 5 for evacuation
[2024-07-03T23:47:41.720-0300][1.236s] GC(0)   Pre Evacuate Collection Set: 0.1ms
[2024-07-03T23:47:41.720-0300][1.236s] GC(0)   Merge Heap Roots: 0.1ms
[2024-07-03T23:47:41.720-0300][1.236s] GC(0)   Evacuate Collection Set: 2.2ms
[2024-07-03T23:47:41.720-0300][1.236s] GC(0)   Post Evacuate Collection Set: 0.3ms
[2024-07-03T23:47:41.720-0300][1.236s] GC(0)   Other: 0.1ms
[2024-07-03T23:47:41.720-0300][1.236s] GC(0) Eden regions: 25->0(37)
[2024-07-03T23:47:41.720-0300][1.236s] GC(0) Survivor regions: 0->4(4)
[2024-07-03T23:47:41.720-0300][1.236s] GC(0) Old regions: 0->0
[2024-07-03T23:47:41.720-0300][1.236s] GC(0) Archive regions: 2->2
[2024-07-03T23:47:41.720-0300][1.236s] GC(0) Humongous regions: 0->0
[2024-07-03T23:47:41.720-0300][1.236s] GC(0) Metaspace: 8997K(9216K)->8997K(9216K) NonClass: 7904K(8000K)->7904K(8000K) Class: 1093K(1216K)->1093K(1216K)
[2024-07-03T23:47:41.720-0300][1.236s] GC(0) Pause Young (Normal) (G1 Evacuation Pause) 25M->4M(512M) 2.780ms
[2024-07-03T23:47:41.720-0300][1.236s] GC(0) User=0.01s Sys=0.01s Real=0.00s
[2024-07-03T23:47:42.212-0300][1.728s] GC(1) Pause Young (Normal) (G1 Evacuation Pause)
[2024-07-03T23:47:42.212-0300][1.728s] GC(1) Using 5 workers of 5 for evacuation
[2024-07-03T23:47:42.223-0300][1.740s] GC(1)   Pre Evacuate Collection Set: 0.1ms
[2024-07-03T23:47:42.224-0300][1.740s] GC(1)   Merge Heap Roots: 0.1ms
[2024-07-03T23:47:42.224-0300][1.740s] GC(1)   Evacuate Collection Set: 10.4ms
[2024-07-03T23:47:42.224-0300][1.740s] GC(1)   Post Evacuate Collection Set: 0.9ms
[2024-07-03T23:47:42.224-0300][1.740s] GC(1)   Other: 0.1ms
[2024-07-03T23:47:42.224-0300][1.740s] GC(1) Eden regions: 35->0(53)
[2024-07-03T23:47:42.224-0300][1.740s] GC(1) Survivor regions: 4->5(5)
[2024-07-03T23:47:42.224-0300][1.740s] GC(1) Old regions: 0->9
[2024-07-03T23:47:42.224-0300][1.740s] GC(1) Archive regions: 2->2
[2024-07-03T23:47:42.224-0300][1.740s] GC(1) Humongous regions: 4->4
[2024-07-03T23:47:42.224-0300][1.740s] GC(1) Metaspace: 17564K(17856K)->17564K(17856K) NonClass: 15406K(15552K)->15406K(15552K) Class: 2157K(2304K)->2157K(2304K)
[2024-07-03T23:47:42.224-0300][1.740s] GC(1) Pause Young (Normal) (G1 Evacuation Pause) 43M->18M(512M) 11.578ms
[2024-07-03T23:47:42.224-0300][1.740s] GC(1) User=0.04s Sys=0.01s Real=0.01s
[2024-07-03T23:47:42.558-0300][2.074s] GC(2) Pause Young (Normal) (G1 Evacuation Pause)
[2024-07-03T23:47:42.558-0300][2.074s] GC(2) Using 5 workers of 5 for evacuation
[2024-07-03T23:47:42.563-0300][2.080s] GC(2)   Pre Evacuate Collection Set: 0.1ms
[2024-07-03T23:47:42.563-0300][2.080s] GC(2)   Merge Heap Roots: 0.0ms
[2024-07-03T23:47:42.563-0300][2.080s] GC(2)   Evacuate Collection Set: 4.8ms
[2024-07-03T23:47:42.563-0300][2.080s] GC(2)   Post Evacuate Collection Set: 0.5ms
[2024-07-03T23:47:42.563-0300][2.080s] GC(2)   Other: 0.1ms
[2024-07-03T23:47:42.563-0300][2.080s] GC(2) Eden regions: 53->0(191)
[2024-07-03T23:47:42.563-0300][2.080s] GC(2) Survivor regions: 5->5(8)
[2024-07-03T23:47:42.563-0300][2.080s] GC(2) Old regions: 9->14
[2024-07-03T23:47:42.563-0300][2.080s] GC(2) Archive regions: 2->2
[2024-07-03T23:47:42.563-0300][2.080s] GC(2) Humongous regions: 4->4
[2024-07-03T23:47:42.563-0300][2.080s] GC(2) Metaspace: 20123K(20480K)->20123K(20480K) NonClass: 17697K(17856K)->17697K(17856K) Class: 2426K(2624K)->2426K(2624K)
[2024-07-03T23:47:42.563-0300][2.080s] GC(2) Pause Young (Normal) (G1 Evacuation Pause) 71M->23M(512M) 5.573ms
[2024-07-03T23:47:42.563-0300][2.080s] GC(2) User=0.02s Sys=0.00s Real=0.01s
[2024-07-03T23:47:42.629-0300][2.145s] GC(3) Pause Young (Concurrent Start) (Metadata GC Threshold)
[2024-07-03T23:47:42.629-0300][2.145s] GC(3) Using 5 workers of 5 for evacuation
[2024-07-03T23:47:42.634-0300][2.151s] GC(3)   Pre Evacuate Collection Set: 0.1ms
[2024-07-03T23:47:42.634-0300][2.151s] GC(3)   Merge Heap Roots: 0.1ms
[2024-07-03T23:47:42.634-0300][2.151s] GC(3)   Evacuate Collection Set: 4.9ms
[2024-07-03T23:47:42.634-0300][2.151s] GC(3)   Post Evacuate Collection Set: 0.3ms
[2024-07-03T23:47:42.634-0300][2.151s] GC(3)   Other: 0.1ms
[2024-07-03T23:47:42.634-0300][2.151s] GC(3) Eden regions: 9->0(301)
[2024-07-03T23:47:42.634-0300][2.151s] GC(3) Survivor regions: 5->6(25)
[2024-07-03T23:47:42.634-0300][2.151s] GC(3) Old regions: 14->14
[2024-07-03T23:47:42.634-0300][2.151s] GC(3) Archive regions: 2->2
[2024-07-03T23:47:42.634-0300][2.151s] GC(3) Humongous regions: 5->4
[2024-07-03T23:47:42.634-0300][2.151s] GC(3) Metaspace: 21197K(21504K)->21197K(21504K) NonClass: 18631K(18752K)->18631K(18752K) Class: 2565K(2752K)->2565K(2752K)
[2024-07-03T23:47:42.634-0300][2.151s] GC(3) Pause Young (Concurrent Start) (Metadata GC Threshold) 32M->24M(512M) 5.610ms
[2024-07-03T23:47:42.634-0300][2.151s] GC(3) User=0.01s Sys=0.00s Real=0.01s
[2024-07-03T23:47:42.634-0300][2.151s] GC(4) Concurrent Mark Cycle
[2024-07-03T23:47:42.634-0300][2.151s] GC(4) Concurrent Clear Claimed Marks
[2024-07-03T23:47:42.634-0300][2.151s] GC(4) Concurrent Clear Claimed Marks 0.014ms
[2024-07-03T23:47:42.634-0300][2.151s] GC(4) Concurrent Scan Root Regions
[2024-07-03T23:47:42.635-0300][2.152s] GC(4) Concurrent Scan Root Regions 1.059ms
[2024-07-03T23:47:42.635-0300][2.152s] GC(4) Concurrent Mark
[2024-07-03T23:47:42.635-0300][2.152s] GC(4) Concurrent Mark From Roots
[2024-07-03T23:47:42.635-0300][2.152s] GC(4) Using 1 workers of 1 for marking
[2024-07-03T23:47:42.655-0300][2.171s] GC(4) Concurrent Mark From Roots 19.390ms
[2024-07-03T23:47:42.655-0300][2.171s] GC(4) Concurrent Preclean
[2024-07-03T23:47:42.655-0300][2.171s] GC(4) Concurrent Preclean 0.079ms
[2024-07-03T23:47:42.655-0300][2.171s] GC(4) Pause Remark
[2024-07-03T23:47:42.659-0300][2.175s] GC(4) Pause Remark 26M->26M(512M) 3.575ms
[2024-07-03T23:47:42.659-0300][2.175s] GC(4) User=0.00s Sys=0.00s Real=0.00s
[2024-07-03T23:47:42.659-0300][2.175s] GC(4) Concurrent Mark 23.272ms
[2024-07-03T23:47:42.659-0300][2.175s] GC(4) Concurrent Rebuild Remembered Sets
[2024-07-03T23:47:42.668-0300][2.185s] GC(4) Concurrent Rebuild Remembered Sets 9.666ms
[2024-07-03T23:47:42.668-0300][2.185s] GC(4) Pause Cleanup
[2024-07-03T23:47:42.668-0300][2.185s] GC(4) Pause Cleanup 27M->27M(512M) 0.137ms
[2024-07-03T23:47:42.669-0300][2.185s] GC(4) User=0.00s Sys=0.00s Real=0.00s
[2024-07-03T23:47:42.669-0300][2.185s] GC(4) Concurrent Cleanup for Next Mark
[2024-07-03T23:47:42.670-0300][2.186s] GC(4) Concurrent Cleanup for Next Mark 0.817ms
[2024-07-03T23:47:42.670-0300][2.186s] GC(4) Concurrent Mark Cycle 35.524ms
[2024-07-03T23:47:43.816-0300][3.333s] GC(5) Pause Young (Concurrent Start) (Metadata GC Threshold)
[2024-07-03T23:47:43.816-0300][3.333s] GC(5) Using 5 workers of 5 for evacuation
[2024-07-03T23:47:43.830-0300][3.346s] GC(5)   Pre Evacuate Collection Set: 6.5ms
[2024-07-03T23:47:43.830-0300][3.346s] GC(5)   Merge Heap Roots: 0.1ms
[2024-07-03T23:47:43.830-0300][3.346s] GC(5)   Evacuate Collection Set: 6.0ms
[2024-07-03T23:47:43.830-0300][3.346s] GC(5)   Post Evacuate Collection Set: 0.7ms
[2024-07-03T23:47:43.830-0300][3.346s] GC(5)   Other: 0.1ms
[2024-07-03T23:47:43.830-0300][3.346s] GC(5) Eden regions: 110->0(295)
[2024-07-03T23:47:43.830-0300][3.346s] GC(5) Survivor regions: 6->12(39)
[2024-07-03T23:47:43.830-0300][3.346s] GC(5) Old regions: 14->14
[2024-07-03T23:47:43.830-0300][3.346s] GC(5) Archive regions: 2->2
[2024-07-03T23:47:43.830-0300][3.346s] GC(5) Humongous regions: 4->4
[2024-07-03T23:47:43.830-0300][3.346s] GC(5) Metaspace: 36012K(36416K)->36012K(36416K) NonClass: 31566K(31744K)->31566K(31744K) Class: 4446K(4672K)->4446K(4672K)
[2024-07-03T23:47:43.830-0300][3.346s] GC(5) Pause Young (Concurrent Start) (Metadata GC Threshold) 134M->30M(512M) 13.556ms
[2024-07-03T23:47:43.830-0300][3.346s] GC(5) User=0.03s Sys=0.00s Real=0.01s
[2024-07-03T23:47:43.830-0300][3.346s] GC(6) Concurrent Mark Cycle
[2024-07-03T23:47:43.830-0300][3.346s] GC(6) Concurrent Clear Claimed Marks
[2024-07-03T23:47:43.830-0300][3.346s] GC(6) Concurrent Clear Claimed Marks 0.018ms
[2024-07-03T23:47:43.830-0300][3.346s] GC(6) Concurrent Scan Root Regions
[2024-07-03T23:47:43.835-0300][3.351s] GC(6) Concurrent Scan Root Regions 4.924ms
[2024-07-03T23:47:43.835-0300][3.351s] GC(6) Concurrent Mark
[2024-07-03T23:47:43.835-0300][3.351s] GC(6) Concurrent Mark From Roots
[2024-07-03T23:47:43.835-0300][3.351s] GC(6) Using 1 workers of 1 for marking
[2024-07-03T23:47:43.852-0300][3.369s] GC(6) Concurrent Mark From Roots 17.270ms
[2024-07-03T23:47:43.852-0300][3.369s] GC(6) Concurrent Preclean
[2024-07-03T23:47:43.852-0300][3.369s] GC(6) Concurrent Preclean 0.083ms
[2024-07-03T23:47:43.854-0300][3.370s] GC(6) Pause Remark
[2024-07-03T23:47:43.858-0300][3.374s] GC(6) Pause Remark 31M->31M(512M) 3.950ms
[2024-07-03T23:47:43.858-0300][3.374s] GC(6) User=0.01s Sys=0.00s Real=0.00s
[2024-07-03T23:47:43.858-0300][3.374s] GC(6) Concurrent Mark 22.845ms
[2024-07-03T23:47:43.858-0300][3.374s] GC(6) Concurrent Rebuild Remembered Sets
[2024-07-03T23:47:43.879-0300][3.396s] GC(6) Concurrent Rebuild Remembered Sets 21.287ms
[2024-07-03T23:47:43.880-0300][3.397s] GC(6) Pause Cleanup
[2024-07-03T23:47:43.880-0300][3.397s] GC(6) Pause Cleanup 34M->34M(512M) 0.227ms
[2024-07-03T23:47:43.880-0300][3.397s] GC(6) User=0.00s Sys=0.00s Real=0.00s
[2024-07-03T23:47:43.880-0300][3.397s] GC(6) Concurrent Cleanup for Next Mark
[2024-07-03T23:47:43.885-0300][3.401s] GC(6) Concurrent Cleanup for Next Mark 4.474ms
[2024-07-03T23:47:43.885-0300][3.401s] GC(6) Concurrent Mark Cycle 54.891ms
