[2024-06-28T15:34:16.243-0300][0.011s] Using G1
[2024-06-28T15:34:16.581-0300][0.349s] Version: 17.0.7+7 (release)
[2024-06-28T15:34:16.581-0300][0.349s] CPUs: 5 total, 5 available
[2024-06-28T15:34:16.581-0300][0.349s] Memory: 7941M
[2024-06-28T15:34:16.581-0300][0.349s] Large Page Support: Disabled
[2024-06-28T15:34:16.581-0300][0.349s] NUMA Support: Disabled
[2024-06-28T15:34:16.581-0300][0.349s] Compressed Oops: Enabled (32-bit)
[2024-06-28T15:34:16.581-0300][0.349s] Heap Region Size: 1M
[2024-06-28T15:34:16.581-0300][0.349s] Heap Min Capacity: 512M
[2024-06-28T15:34:16.581-0300][0.349s] Heap Initial Capacity: 512M
[2024-06-28T15:34:16.581-0300][0.349s] Heap Max Capacity: 512M
[2024-06-28T15:34:16.581-0300][0.349s] Pre-touch: Enabled
[2024-06-28T15:34:16.581-0300][0.349s] Parallel Workers: 5
[2024-06-28T15:34:16.581-0300][0.349s] Concurrent Workers: 1
[2024-06-28T15:34:16.581-0300][0.349s] Concurrent Refinement Workers: 5
[2024-06-28T15:34:16.581-0300][0.349s] Periodic GC: Disabled
[2024-06-28T15:34:16.581-0300][0.349s] CDS archive(s) mapped at: [0x0000000800000000-0x0000000800a7b000-0x0000000800a7b000), size 10989568, SharedBaseAddress: 0x0000000800000000, ArchiveRelocationMode: 0.
[2024-06-28T15:34:16.582-0300][0.349s] Compressed class space mapped at: 0x0000000801000000-0x0000000841000000, reserved size: 1073741824
[2024-06-28T15:34:16.582-0300][0.349s] Narrow klass base: 0x0000000800000000, Narrow klass shift: 0, Narrow klass range: 0x100000000
[2024-06-28T15:34:19.550-0300][3.318s] GC(0) Pause Young (Normal) (G1 Evacuation Pause)
[2024-06-28T15:34:19.550-0300][3.318s] GC(0) Using 5 workers of 5 for evacuation
[2024-06-28T15:34:19.557-0300][3.325s] GC(0)   Pre Evacuate Collection Set: 0.1ms
[2024-06-28T15:34:19.557-0300][3.325s] GC(0)   Merge Heap Roots: 0.0ms
[2024-06-28T15:34:19.557-0300][3.325s] GC(0)   Evacuate Collection Set: 6.1ms
[2024-06-28T15:34:19.557-0300][3.325s] GC(0)   Post Evacuate Collection Set: 0.9ms
[2024-06-28T15:34:19.557-0300][3.325s] GC(0)   Other: 0.1ms
[2024-06-28T15:34:19.557-0300][3.325s] GC(0) Eden regions: 25->0(35)
[2024-06-28T15:34:19.557-0300][3.325s] GC(0) Survivor regions: 0->4(4)
[2024-06-28T15:34:19.557-0300][3.325s] GC(0) Old regions: 0->0
[2024-06-28T15:34:19.557-0300][3.325s] GC(0) Archive regions: 2->2
[2024-06-28T15:34:19.557-0300][3.325s] GC(0) Humongous regions: 0->0
[2024-06-28T15:34:19.557-0300][3.325s] GC(0) Metaspace: 9218K(9408K)->9218K(9408K) NonClass: 8092K(8192K)->8092K(8192K) Class: 1126K(1216K)->1126K(1216K)
[2024-06-28T15:34:19.557-0300][3.325s] GC(0) Pause Young (Normal) (G1 Evacuation Pause) 25M->4M(512M) 7.293ms
[2024-06-28T15:34:19.557-0300][3.325s] GC(0) User=0.01s Sys=0.00s Real=0.00s
[2024-06-28T15:34:20.787-0300][4.555s] GC(1) Pause Young (Normal) (G1 Evacuation Pause)
[2024-06-28T15:34:20.787-0300][4.555s] GC(1) Using 5 workers of 5 for evacuation
[2024-06-28T15:34:20.808-0300][4.576s] GC(1)   Pre Evacuate Collection Set: 0.0ms
[2024-06-28T15:34:20.808-0300][4.576s] GC(1)   Merge Heap Roots: 0.0ms
[2024-06-28T15:34:20.808-0300][4.576s] GC(1)   Evacuate Collection Set: 20.4ms
[2024-06-28T15:34:20.808-0300][4.576s] GC(1)   Post Evacuate Collection Set: 0.6ms
[2024-06-28T15:34:20.808-0300][4.576s] GC(1)   Other: 0.1ms
[2024-06-28T15:34:20.808-0300][4.576s] GC(1) Eden regions: 33->0(39)
[2024-06-28T15:34:20.808-0300][4.576s] GC(1) Survivor regions: 4->5(5)
[2024-06-28T15:34:20.808-0300][4.576s] GC(1) Old regions: 0->9
[2024-06-28T15:34:20.808-0300][4.576s] GC(1) Archive regions: 2->2
[2024-06-28T15:34:20.808-0300][4.576s] GC(1) Humongous regions: 4->4
[2024-06-28T15:34:20.808-0300][4.576s] GC(1) Metaspace: 17443K(17728K)->17443K(17728K) NonClass: 15299K(15424K)->15299K(15424K) Class: 2144K(2304K)->2144K(2304K)
[2024-06-28T15:34:20.808-0300][4.576s] GC(1) Pause Young (Normal) (G1 Evacuation Pause) 41M->18M(512M) 21.247ms
[2024-06-28T15:34:20.808-0300][4.576s] GC(1) User=0.04s Sys=0.00s Real=0.02s
[2024-06-28T15:34:21.239-0300][5.007s] GC(2) Pause Young (Normal) (G1 Evacuation Pause)
[2024-06-28T15:34:21.239-0300][5.007s] GC(2) Using 5 workers of 5 for evacuation
[2024-06-28T15:34:21.246-0300][5.014s] GC(2)   Pre Evacuate Collection Set: 0.1ms
[2024-06-28T15:34:21.246-0300][5.014s] GC(2)   Merge Heap Roots: 0.1ms
[2024-06-28T15:34:21.246-0300][5.014s] GC(2)   Evacuate Collection Set: 6.2ms
[2024-06-28T15:34:21.246-0300][5.014s] GC(2)   Post Evacuate Collection Set: 0.4ms
[2024-06-28T15:34:21.246-0300][5.014s] GC(2)   Other: 0.1ms
[2024-06-28T15:34:21.246-0300][5.014s] GC(2) Eden regions: 39->0(57)
[2024-06-28T15:34:21.246-0300][5.014s] GC(2) Survivor regions: 5->5(6)
[2024-06-28T15:34:21.246-0300][5.014s] GC(2) Old regions: 9->14
[2024-06-28T15:34:21.246-0300][5.014s] GC(2) Archive regions: 2->2
[2024-06-28T15:34:21.246-0300][5.014s] GC(2) Humongous regions: 4->4
[2024-06-28T15:34:21.246-0300][5.014s] GC(2) Metaspace: 17766K(18112K)->17766K(18112K) NonClass: 15603K(15808K)->15603K(15808K) Class: 2163K(2304K)->2163K(2304K)
[2024-06-28T15:34:21.246-0300][5.014s] GC(2) Pause Young (Normal) (G1 Evacuation Pause) 57M->22M(512M) 6.843ms
[2024-06-28T15:34:21.246-0300][5.014s] GC(2) User=0.01s Sys=0.00s Real=0.01s
[2024-06-28T15:34:21.543-0300][5.311s] GC(3) Pause Young (Concurrent Start) (Metadata GC Threshold)
[2024-06-28T15:34:21.543-0300][5.311s] GC(3) Using 5 workers of 5 for evacuation
[2024-06-28T15:34:21.546-0300][5.314s] GC(3)   Pre Evacuate Collection Set: 0.1ms
[2024-06-28T15:34:21.546-0300][5.314s] GC(3)   Merge Heap Roots: 0.1ms
[2024-06-28T15:34:21.546-0300][5.314s] GC(3)   Evacuate Collection Set: 2.7ms
[2024-06-28T15:34:21.546-0300][5.314s] GC(3)   Post Evacuate Collection Set: 0.3ms
[2024-06-28T15:34:21.546-0300][5.314s] GC(3)   Other: 0.1ms
[2024-06-28T15:34:21.546-0300][5.314s] GC(3) Eden regions: 23->0(87)
[2024-06-28T15:34:21.546-0300][5.314s] GC(3) Survivor regions: 5->6(8)
[2024-06-28T15:34:21.546-0300][5.314s] GC(3) Old regions: 14->14
[2024-06-28T15:34:21.546-0300][5.314s] GC(3) Archive regions: 2->2
[2024-06-28T15:34:21.546-0300][5.314s] GC(3) Humongous regions: 5->4
[2024-06-28T15:34:21.546-0300][5.314s] GC(3) Metaspace: 21148K(21504K)->21148K(21504K) NonClass: 18588K(18752K)->18588K(18752K) Class: 2560K(2752K)->2560K(2752K)
[2024-06-28T15:34:21.546-0300][5.314s] GC(3) Pause Young (Concurrent Start) (Metadata GC Threshold) 46M->24M(512M) 3.311ms
[2024-06-28T15:34:21.546-0300][5.314s] GC(3) User=0.00s Sys=0.00s Real=0.00s
[2024-06-28T15:34:21.546-0300][5.314s] GC(4) Concurrent Mark Cycle
[2024-06-28T15:34:21.546-0300][5.314s] GC(4) Concurrent Clear Claimed Marks
[2024-06-28T15:34:21.546-0300][5.314s] GC(4) Concurrent Clear Claimed Marks 0.016ms
[2024-06-28T15:34:21.546-0300][5.314s] GC(4) Concurrent Scan Root Regions
[2024-06-28T15:34:21.548-0300][5.316s] GC(4) Concurrent Scan Root Regions 1.650ms
[2024-06-28T15:34:21.548-0300][5.316s] GC(4) Concurrent Mark
[2024-06-28T15:34:21.548-0300][5.316s] GC(4) Concurrent Mark From Roots
[2024-06-28T15:34:21.548-0300][5.316s] GC(4) Using 1 workers of 1 for marking
[2024-06-28T15:34:21.577-0300][5.345s] GC(4) Concurrent Mark From Roots 29.540ms
[2024-06-28T15:34:21.577-0300][5.345s] GC(4) Concurrent Preclean
[2024-06-28T15:34:21.578-0300][5.346s] GC(4) Concurrent Preclean 0.165ms
[2024-06-28T15:34:21.578-0300][5.346s] GC(4) Pause Remark
[2024-06-28T15:34:21.583-0300][5.351s] GC(4) Pause Remark 27M->27M(512M) 4.376ms
[2024-06-28T15:34:21.583-0300][5.351s] GC(4) User=0.01s Sys=0.00s Real=0.01s
[2024-06-28T15:34:21.583-0300][5.351s] GC(4) Concurrent Mark 34.984ms
[2024-06-28T15:34:21.583-0300][5.351s] GC(4) Concurrent Rebuild Remembered Sets
[2024-06-28T15:34:21.593-0300][5.361s] GC(4) Concurrent Rebuild Remembered Sets 10.082ms
[2024-06-28T15:34:21.594-0300][5.362s] GC(4) Pause Cleanup
[2024-06-28T15:34:21.594-0300][5.362s] GC(4) Pause Cleanup 28M->28M(512M) 0.092ms
[2024-06-28T15:34:21.594-0300][5.362s] GC(4) User=0.00s Sys=0.00s Real=0.00s
[2024-06-28T15:34:21.594-0300][5.362s] GC(4) Concurrent Cleanup for Next Mark
[2024-06-28T15:34:21.595-0300][5.363s] GC(4) Concurrent Cleanup for Next Mark 0.990ms
[2024-06-28T15:34:21.595-0300][5.363s] GC(4) Concurrent Mark Cycle 48.754ms
[2024-06-28T15:34:23.040-0300][6.808s] GC(5) Pause Young (Prepare Mixed) (G1 Evacuation Pause)
[2024-06-28T15:34:23.040-0300][6.808s] GC(5) Using 5 workers of 5 for evacuation
[2024-06-28T15:34:23.051-0300][6.819s] GC(5)   Pre Evacuate Collection Set: 0.1ms
[2024-06-28T15:34:23.051-0300][6.819s] GC(5)   Merge Heap Roots: 0.0ms
[2024-06-28T15:34:23.051-0300][6.819s] GC(5)   Evacuate Collection Set: 9.2ms
[2024-06-28T15:34:23.051-0300][6.819s] GC(5)   Post Evacuate Collection Set: 1.2ms
[2024-06-28T15:34:23.051-0300][6.819s] GC(5)   Other: 0.1ms
[2024-06-28T15:34:23.051-0300][6.819s] GC(5) Eden regions: 95->0(13)
[2024-06-28T15:34:23.051-0300][6.819s] GC(5) Survivor regions: 6->12(13)
[2024-06-28T15:34:23.051-0300][6.819s] GC(5) Old regions: 14->14
[2024-06-28T15:34:23.051-0300][6.819s] GC(5) Archive regions: 2->2
[2024-06-28T15:34:23.051-0300][6.819s] GC(5) Humongous regions: 4->4
[2024-06-28T15:34:23.051-0300][6.819s] GC(5) Metaspace: 34784K(35136K)->34784K(35136K) NonClass: 30481K(30656K)->30481K(30656K) Class: 4303K(4480K)->4303K(4480K)
[2024-06-28T15:34:23.051-0300][6.819s] GC(5) Pause Young (Prepare Mixed) (G1 Evacuation Pause) 119M->30M(512M) 10.702ms
[2024-06-28T15:34:23.051-0300][6.819s] GC(5) User=0.03s Sys=0.00s Real=0.01s
[2024-06-28T15:34:23.102-0300][6.870s] GC(6) Pause Young (Mixed) (Metadata GC Threshold)
[2024-06-28T15:34:23.102-0300][6.870s] GC(6) Using 5 workers of 5 for evacuation
[2024-06-28T15:34:23.107-0300][6.875s] GC(6)   Pre Evacuate Collection Set: 0.1ms
[2024-06-28T15:34:23.107-0300][6.875s] GC(6)   Merge Heap Roots: 0.1ms
[2024-06-28T15:34:23.107-0300][6.875s] GC(6)   Evacuate Collection Set: 4.8ms
[2024-06-28T15:34:23.107-0300][6.875s] GC(6)   Post Evacuate Collection Set: 0.4ms
[2024-06-28T15:34:23.107-0300][6.875s] GC(6)   Other: 0.1ms
[2024-06-28T15:34:23.107-0300][6.875s] GC(6) Eden regions: 7->0(305)
[2024-06-28T15:34:23.107-0300][6.875s] GC(6) Survivor regions: 12->2(4)
[2024-06-28T15:34:23.107-0300][6.875s] GC(6) Old regions: 14->25
[2024-06-28T15:34:23.107-0300][6.875s] GC(6) Archive regions: 2->2
[2024-06-28T15:34:23.107-0300][6.875s] GC(6) Humongous regions: 4->4
[2024-06-28T15:34:23.107-0300][6.875s] GC(6) Metaspace: 36115K(36480K)->36115K(36480K) NonClass: 31652K(31808K)->31652K(31808K) Class: 4462K(4672K)->4462K(4672K)
[2024-06-28T15:34:23.107-0300][6.875s] GC(6) Pause Young (Mixed) (Metadata GC Threshold) 36M->30M(512M) 5.519ms
[2024-06-28T15:34:23.107-0300][6.875s] GC(6) User=0.02s Sys=0.00s Real=0.00s
[2024-06-28T15:34:23.121-0300][6.889s] GC(7) Pause Young (Concurrent Start) (Metadata GC Threshold)
[2024-06-28T15:34:23.121-0300][6.889s] GC(7) Using 5 workers of 5 for evacuation
[2024-06-28T15:34:23.123-0300][6.891s] GC(7)   Pre Evacuate Collection Set: 0.1ms
[2024-06-28T15:34:23.123-0300][6.891s] GC(7)   Merge Heap Roots: 0.0ms
[2024-06-28T15:34:23.123-0300][6.891s] GC(7)   Evacuate Collection Set: 1.7ms
[2024-06-28T15:34:23.123-0300][6.891s] GC(7)   Post Evacuate Collection Set: 0.3ms
[2024-06-28T15:34:23.123-0300][6.891s] GC(7)   Other: 0.1ms
[2024-06-28T15:34:23.123-0300][6.891s] GC(7) Eden regions: 2->0(306)
[2024-06-28T15:34:23.123-0300][6.891s] GC(7) Survivor regions: 2->1(39)
[2024-06-28T15:34:23.123-0300][6.891s] GC(7) Old regions: 25->25
[2024-06-28T15:34:23.123-0300][6.891s] GC(7) Archive regions: 2->2
[2024-06-28T15:34:23.123-0300][6.891s] GC(7) Humongous regions: 4->4
[2024-06-28T15:34:23.123-0300][6.891s] GC(7) Metaspace: 36407K(36800K)->36407K(36800K) NonClass: 31898K(32064K)->31898K(32064K) Class: 4508K(4736K)->4508K(4736K)
[2024-06-28T15:34:23.123-0300][6.891s] GC(7) Pause Young (Concurrent Start) (Metadata GC Threshold) 32M->29M(512M) 2.338ms
[2024-06-28T15:34:23.123-0300][6.891s] GC(7) User=0.01s Sys=0.00s Real=0.00s
[2024-06-28T15:34:23.123-0300][6.891s] GC(8) Concurrent Mark Cycle
[2024-06-28T15:34:23.123-0300][6.891s] GC(8) Concurrent Clear Claimed Marks
[2024-06-28T15:34:23.123-0300][6.891s] GC(8) Concurrent Clear Claimed Marks 0.013ms
[2024-06-28T15:34:23.123-0300][6.891s] GC(8) Concurrent Scan Root Regions
[2024-06-28T15:34:23.124-0300][6.892s] GC(8) Concurrent Scan Root Regions 0.485ms
[2024-06-28T15:34:23.124-0300][6.892s] GC(8) Concurrent Mark
[2024-06-28T15:34:23.124-0300][6.892s] GC(8) Concurrent Mark From Roots
[2024-06-28T15:34:23.124-0300][6.892s] GC(8) Using 1 workers of 1 for marking
[2024-06-28T15:34:23.164-0300][6.932s] GC(8) Concurrent Mark From Roots 40.432ms
[2024-06-28T15:34:23.164-0300][6.932s] GC(8) Concurrent Preclean
[2024-06-28T15:34:23.165-0300][6.932s] GC(8) Concurrent Preclean 0.123ms
[2024-06-28T15:34:23.165-0300][6.933s] GC(8) Pause Remark
[2024-06-28T15:34:23.168-0300][6.936s] GC(8) Pause Remark 34M->34M(512M) 3.572ms
[2024-06-28T15:34:23.168-0300][6.936s] GC(8) User=0.02s Sys=0.00s Real=0.00s
[2024-06-28T15:34:23.168-0300][6.936s] GC(8) Concurrent Mark 44.540ms
[2024-06-28T15:34:23.169-0300][6.936s] GC(8) Concurrent Rebuild Remembered Sets
[2024-06-28T15:34:23.200-0300][6.968s] GC(8) Concurrent Rebuild Remembered Sets 31.808ms
[2024-06-28T15:34:23.200-0300][6.968s] GC(8) Pause Cleanup
[2024-06-28T15:34:23.201-0300][6.968s] GC(8) Pause Cleanup 35M->35M(512M) 0.095ms
[2024-06-28T15:34:23.201-0300][6.968s] GC(8) User=0.00s Sys=0.00s Real=0.00s
[2024-06-28T15:34:23.201-0300][6.969s] GC(8) Concurrent Cleanup for Next Mark
[2024-06-28T15:34:23.203-0300][6.971s] GC(8) Concurrent Cleanup for Next Mark 2.315ms
[2024-06-28T15:34:23.203-0300][6.971s] GC(8) Concurrent Mark Cycle 79.515ms
