[2024-06-28T15:32:07.148-0300][0.010s] Using G1
[2024-06-28T15:32:07.403-0300][0.265s] Version: 17.0.7+7 (release)
[2024-06-28T15:32:07.403-0300][0.265s] CPUs: 5 total, 5 available
[2024-06-28T15:32:07.403-0300][0.265s] Memory: 7932M
[2024-06-28T15:32:07.403-0300][0.265s] Large Page Support: Disabled
[2024-06-28T15:32:07.403-0300][0.265s] NUMA Support: Disabled
[2024-06-28T15:32:07.403-0300][0.265s] Compressed Oops: Enabled (32-bit)
[2024-06-28T15:32:07.403-0300][0.265s] Heap Region Size: 1M
[2024-06-28T15:32:07.403-0300][0.265s] Heap Min Capacity: 512M
[2024-06-28T15:32:07.403-0300][0.265s] Heap Initial Capacity: 512M
[2024-06-28T15:32:07.403-0300][0.265s] Heap Max Capacity: 512M
[2024-06-28T15:32:07.403-0300][0.265s] Pre-touch: Enabled
[2024-06-28T15:32:07.404-0300][0.265s] Parallel Workers: 5
[2024-06-28T15:32:07.404-0300][0.265s] Concurrent Workers: 1
[2024-06-28T15:32:07.404-0300][0.265s] Concurrent Refinement Workers: 5
[2024-06-28T15:32:07.404-0300][0.265s] Periodic GC: Disabled
[2024-06-28T15:32:07.404-0300][0.266s] CDS archive(s) mapped at: [0x0000000800000000-0x0000000800a7b000-0x0000000800a7b000), size 10989568, SharedBaseAddress: 0x0000000800000000, ArchiveRelocationMode: 0.
[2024-06-28T15:32:07.404-0300][0.266s] Compressed class space mapped at: 0x0000000801000000-0x0000000841000000, reserved size: 1073741824
[2024-06-28T15:32:07.404-0300][0.266s] Narrow klass base: 0x0000000800000000, Narrow klass shift: 0, Narrow klass range: 0x100000000
[2024-06-28T15:32:09.206-0300][2.068s] GC(0) Pause Young (Normal) (G1 Evacuation Pause)
[2024-06-28T15:32:09.206-0300][2.068s] GC(0) Using 5 workers of 5 for evacuation
[2024-06-28T15:32:09.209-0300][2.071s] GC(0)   Pre Evacuate Collection Set: 0.1ms
[2024-06-28T15:32:09.209-0300][2.071s] GC(0)   Merge Heap Roots: 0.1ms
[2024-06-28T15:32:09.209-0300][2.071s] GC(0)   Evacuate Collection Set: 2.0ms
[2024-06-28T15:32:09.209-0300][2.071s] GC(0)   Post Evacuate Collection Set: 0.5ms
[2024-06-28T15:32:09.209-0300][2.071s] GC(0)   Other: 0.1ms
[2024-06-28T15:32:09.209-0300][2.071s] GC(0) Eden regions: 25->0(36)
[2024-06-28T15:32:09.209-0300][2.071s] GC(0) Survivor regions: 0->4(4)
[2024-06-28T15:32:09.209-0300][2.071s] GC(0) Old regions: 0->0
[2024-06-28T15:32:09.209-0300][2.071s] GC(0) Archive regions: 2->2
[2024-06-28T15:32:09.209-0300][2.071s] GC(0) Humongous regions: 0->0
[2024-06-28T15:32:09.209-0300][2.071s] GC(0) Metaspace: 9213K(9408K)->9213K(9408K) NonClass: 8087K(8192K)->8087K(8192K) Class: 1126K(1216K)->1126K(1216K)
[2024-06-28T15:32:09.209-0300][2.071s] GC(0) Pause Young (Normal) (G1 Evacuation Pause) 25M->4M(512M) 2.727ms
[2024-06-28T15:32:09.209-0300][2.071s] GC(0) User=0.01s Sys=0.00s Real=0.01s
[2024-06-28T15:32:09.974-0300][2.836s] GC(1) Pause Young (Normal) (G1 Evacuation Pause)
[2024-06-28T15:32:09.974-0300][2.836s] GC(1) Using 5 workers of 5 for evacuation
[2024-06-28T15:32:09.982-0300][2.844s] GC(1)   Pre Evacuate Collection Set: 0.1ms
[2024-06-28T15:32:09.982-0300][2.844s] GC(1)   Merge Heap Roots: 0.0ms
[2024-06-28T15:32:09.982-0300][2.844s] GC(1)   Evacuate Collection Set: 7.5ms
[2024-06-28T15:32:09.982-0300][2.844s] GC(1)   Post Evacuate Collection Set: 0.5ms
[2024-06-28T15:32:09.982-0300][2.844s] GC(1)   Other: 0.1ms
[2024-06-28T15:32:09.982-0300][2.844s] GC(1) Eden regions: 33->0(41)
[2024-06-28T15:32:09.982-0300][2.844s] GC(1) Survivor regions: 4->5(5)
[2024-06-28T15:32:09.982-0300][2.844s] GC(1) Old regions: 0->9
[2024-06-28T15:32:09.982-0300][2.844s] GC(1) Archive regions: 2->2
[2024-06-28T15:32:09.982-0300][2.844s] GC(1) Humongous regions: 4->4
[2024-06-28T15:32:09.982-0300][2.844s] GC(1) Metaspace: 17444K(17728K)->17444K(17728K) NonClass: 15299K(15424K)->15299K(15424K) Class: 2145K(2304K)->2145K(2304K)
[2024-06-28T15:32:09.982-0300][2.844s] GC(1) Pause Young (Normal) (G1 Evacuation Pause) 41M->18M(512M) 8.190ms
[2024-06-28T15:32:09.982-0300][2.844s] GC(1) User=0.03s Sys=0.00s Real=0.01s
[2024-06-28T15:32:10.242-0300][3.104s] GC(2) Pause Young (Normal) (G1 Evacuation Pause)
[2024-06-28T15:32:10.242-0300][3.104s] GC(2) Using 5 workers of 5 for evacuation
[2024-06-28T15:32:10.245-0300][3.107s] GC(2)   Pre Evacuate Collection Set: 0.1ms
[2024-06-28T15:32:10.245-0300][3.107s] GC(2)   Merge Heap Roots: 0.0ms
[2024-06-28T15:32:10.245-0300][3.107s] GC(2)   Evacuate Collection Set: 2.5ms
[2024-06-28T15:32:10.245-0300][3.107s] GC(2)   Post Evacuate Collection Set: 0.3ms
[2024-06-28T15:32:10.245-0300][3.107s] GC(2)   Other: 0.1ms
[2024-06-28T15:32:10.245-0300][3.107s] GC(2) Eden regions: 41->0(60)
[2024-06-28T15:32:10.245-0300][3.107s] GC(2) Survivor regions: 5->5(6)
[2024-06-28T15:32:10.245-0300][3.107s] GC(2) Old regions: 9->14
[2024-06-28T15:32:10.245-0300][3.107s] GC(2) Archive regions: 2->2
[2024-06-28T15:32:10.245-0300][3.107s] GC(2) Humongous regions: 4->4
[2024-06-28T15:32:10.245-0300][3.107s] GC(2) Metaspace: 17887K(18176K)->17887K(18176K) NonClass: 15708K(15872K)->15708K(15872K) Class: 2179K(2304K)->2179K(2304K)
[2024-06-28T15:32:10.245-0300][3.107s] GC(2) Pause Young (Normal) (G1 Evacuation Pause) 59M->23M(512M) 3.099ms
[2024-06-28T15:32:10.245-0300][3.107s] GC(2) User=0.01s Sys=0.00s Real=0.00s
[2024-06-28T15:32:10.510-0300][3.372s] GC(3) Pause Young (Concurrent Start) (Metadata GC Threshold)
[2024-06-28T15:32:10.510-0300][3.372s] GC(3) Using 5 workers of 5 for evacuation
[2024-06-28T15:32:10.512-0300][3.374s] GC(3)   Pre Evacuate Collection Set: 0.1ms
[2024-06-28T15:32:10.512-0300][3.374s] GC(3)   Merge Heap Roots: 0.1ms
[2024-06-28T15:32:10.512-0300][3.374s] GC(3)   Evacuate Collection Set: 1.4ms
[2024-06-28T15:32:10.512-0300][3.374s] GC(3)   Post Evacuate Collection Set: 0.3ms
[2024-06-28T15:32:10.512-0300][3.374s] GC(3)   Other: 0.1ms
[2024-06-28T15:32:10.512-0300][3.374s] GC(3) Eden regions: 21->0(90)
[2024-06-28T15:32:10.512-0300][3.374s] GC(3) Survivor regions: 5->6(9)
[2024-06-28T15:32:10.512-0300][3.374s] GC(3) Old regions: 14->14
[2024-06-28T15:32:10.512-0300][3.374s] GC(3) Archive regions: 2->2
[2024-06-28T15:32:10.512-0300][3.374s] GC(3) Humongous regions: 5->4
[2024-06-28T15:32:10.512-0300][3.374s] GC(3) Metaspace: 21159K(21504K)->21159K(21504K) NonClass: 18598K(18752K)->18598K(18752K) Class: 2561K(2752K)->2561K(2752K)
[2024-06-28T15:32:10.512-0300][3.374s] GC(3) Pause Young (Concurrent Start) (Metadata GC Threshold) 45M->24M(512M) 2.064ms
[2024-06-28T15:32:10.512-0300][3.374s] GC(3) User=0.01s Sys=0.00s Real=0.00s
[2024-06-28T15:32:10.512-0300][3.374s] GC(4) Concurrent Mark Cycle
[2024-06-28T15:32:10.512-0300][3.374s] GC(4) Concurrent Clear Claimed Marks
[2024-06-28T15:32:10.512-0300][3.374s] GC(4) Concurrent Clear Claimed Marks 0.033ms
[2024-06-28T15:32:10.512-0300][3.374s] GC(4) Concurrent Scan Root Regions
[2024-06-28T15:32:10.513-0300][3.375s] GC(4) Concurrent Scan Root Regions 1.206ms
[2024-06-28T15:32:10.513-0300][3.375s] GC(4) Concurrent Mark
[2024-06-28T15:32:10.513-0300][3.375s] GC(4) Concurrent Mark From Roots
[2024-06-28T15:32:10.513-0300][3.375s] GC(4) Using 1 workers of 1 for marking
[2024-06-28T15:32:10.530-0300][3.392s] GC(4) Concurrent Mark From Roots 17.304ms
[2024-06-28T15:32:10.531-0300][3.392s] GC(4) Concurrent Preclean
[2024-06-28T15:32:10.531-0300][3.393s] GC(4) Concurrent Preclean 0.207ms
[2024-06-28T15:32:10.531-0300][3.393s] GC(4) Pause Remark
[2024-06-28T15:32:10.533-0300][3.394s] GC(4) Pause Remark 25M->25M(512M) 1.565ms
[2024-06-28T15:32:10.533-0300][3.394s] GC(4) User=0.01s Sys=0.00s Real=0.00s
[2024-06-28T15:32:10.533-0300][3.394s] GC(4) Concurrent Mark 19.476ms
[2024-06-28T15:32:10.533-0300][3.394s] GC(4) Concurrent Rebuild Remembered Sets
[2024-06-28T15:32:10.543-0300][3.405s] GC(4) Concurrent Rebuild Remembered Sets 10.215ms
[2024-06-28T15:32:10.543-0300][3.405s] GC(4) Pause Cleanup
[2024-06-28T15:32:10.543-0300][3.405s] GC(4) Pause Cleanup 26M->26M(512M) 0.111ms
[2024-06-28T15:32:10.543-0300][3.405s] GC(4) User=0.00s Sys=0.00s Real=0.00s
[2024-06-28T15:32:10.543-0300][3.405s] GC(4) Concurrent Cleanup for Next Mark
[2024-06-28T15:32:10.544-0300][3.406s] GC(4) Concurrent Cleanup for Next Mark 0.720ms
[2024-06-28T15:32:10.544-0300][3.406s] GC(4) Concurrent Mark Cycle 32.231ms
[2024-06-28T15:32:11.699-0300][4.561s] GC(5) Pause Young (Prepare Mixed) (Metadata GC Threshold)
[2024-06-28T15:32:11.699-0300][4.561s] GC(5) Using 5 workers of 5 for evacuation
[2024-06-28T15:32:11.707-0300][4.569s] GC(5)   Pre Evacuate Collection Set: 0.1ms
[2024-06-28T15:32:11.707-0300][4.569s] GC(5)   Merge Heap Roots: 0.0ms
[2024-06-28T15:32:11.707-0300][4.569s] GC(5)   Evacuate Collection Set: 5.2ms
[2024-06-28T15:32:11.707-0300][4.569s] GC(5)   Post Evacuate Collection Set: 2.8ms
[2024-06-28T15:32:11.707-0300][4.569s] GC(5)   Other: 0.1ms
[2024-06-28T15:32:11.707-0300][4.569s] GC(5) Eden regions: 88->0(13)
[2024-06-28T15:32:11.707-0300][4.569s] GC(5) Survivor regions: 6->12(13)
[2024-06-28T15:32:11.707-0300][4.569s] GC(5) Old regions: 14->14
[2024-06-28T15:32:11.707-0300][4.569s] GC(5) Archive regions: 2->2
[2024-06-28T15:32:11.707-0300][4.569s] GC(5) Humongous regions: 4->4
[2024-06-28T15:32:11.707-0300][4.569s] GC(5) Metaspace: 35703K(36096K)->35703K(36096K) NonClass: 31287K(31488K)->31287K(31488K) Class: 4416K(4608K)->4416K(4608K)
[2024-06-28T15:32:11.707-0300][4.569s] GC(5) Pause Young (Prepare Mixed) (Metadata GC Threshold) 112M->30M(512M) 8.346ms
[2024-06-28T15:32:11.707-0300][4.569s] GC(5) User=0.02s Sys=0.00s Real=0.01s
[2024-06-28T15:32:11.717-0300][4.579s] GC(6) Pause Young (Mixed) (Metadata GC Threshold)
[2024-06-28T15:32:11.717-0300][4.579s] GC(6) Using 5 workers of 5 for evacuation
[2024-06-28T15:32:11.721-0300][4.583s] GC(6)   Pre Evacuate Collection Set: 0.1ms
[2024-06-28T15:32:11.721-0300][4.583s] GC(6)   Merge Heap Roots: 0.0ms
[2024-06-28T15:32:11.721-0300][4.583s] GC(6)   Evacuate Collection Set: 4.1ms
[2024-06-28T15:32:11.721-0300][4.583s] GC(6)   Post Evacuate Collection Set: 0.3ms
[2024-06-28T15:32:11.721-0300][4.583s] GC(6)   Other: 0.1ms
[2024-06-28T15:32:11.721-0300][4.583s] GC(6) Eden regions: 2->0(306)
[2024-06-28T15:32:11.721-0300][4.583s] GC(6) Survivor regions: 12->1(4)
[2024-06-28T15:32:11.721-0300][4.583s] GC(6) Old regions: 14->25
[2024-06-28T15:32:11.722-0300][4.583s] GC(6) Archive regions: 2->2
[2024-06-28T15:32:11.722-0300][4.583s] GC(6) Humongous regions: 4->4
[2024-06-28T15:32:11.722-0300][4.583s] GC(6) Metaspace: 35980K(36416K)->35980K(36416K) NonClass: 31532K(31744K)->31532K(31744K) Class: 4448K(4672K)->4448K(4672K)
[2024-06-28T15:32:11.722-0300][4.583s] GC(6) Pause Young (Mixed) (Metadata GC Threshold) 31M->30M(512M) 4.634ms
[2024-06-28T15:32:11.722-0300][4.583s] GC(6) User=0.02s Sys=0.00s Real=0.00s
[2024-06-28T15:32:11.736-0300][4.598s] GC(7) Pause Young (Concurrent Start) (Metadata GC Threshold)
[2024-06-28T15:32:11.736-0300][4.598s] GC(7) Using 5 workers of 5 for evacuation
[2024-06-28T15:32:11.737-0300][4.599s] GC(7)   Pre Evacuate Collection Set: 0.1ms
[2024-06-28T15:32:11.737-0300][4.599s] GC(7)   Merge Heap Roots: 0.0ms
[2024-06-28T15:32:11.737-0300][4.599s] GC(7)   Evacuate Collection Set: 0.8ms
[2024-06-28T15:32:11.737-0300][4.599s] GC(7)   Post Evacuate Collection Set: 0.2ms
[2024-06-28T15:32:11.737-0300][4.599s] GC(7)   Other: 0.1ms
[2024-06-28T15:32:11.737-0300][4.599s] GC(7) Eden regions: 2->0(306)
[2024-06-28T15:32:11.737-0300][4.599s] GC(7) Survivor regions: 1->1(39)
[2024-06-28T15:32:11.737-0300][4.599s] GC(7) Old regions: 25->25
[2024-06-28T15:32:11.737-0300][4.599s] GC(7) Archive regions: 2->2
[2024-06-28T15:32:11.737-0300][4.599s] GC(7) Humongous regions: 4->4
[2024-06-28T15:32:11.737-0300][4.599s] GC(7) Metaspace: 36341K(36736K)->36341K(36736K) NonClass: 31836K(32064K)->31836K(32064K) Class: 4504K(4672K)->4504K(4672K)
[2024-06-28T15:32:11.737-0300][4.599s] GC(7) Pause Young (Concurrent Start) (Metadata GC Threshold) 32M->30M(512M) 1.250ms
[2024-06-28T15:32:11.737-0300][4.599s] GC(7) User=0.01s Sys=0.00s Real=0.00s
[2024-06-28T15:32:11.737-0300][4.599s] GC(8) Concurrent Mark Cycle
[2024-06-28T15:32:11.737-0300][4.599s] GC(8) Concurrent Clear Claimed Marks
[2024-06-28T15:32:11.737-0300][4.599s] GC(8) Concurrent Clear Claimed Marks 0.011ms
[2024-06-28T15:32:11.737-0300][4.599s] GC(8) Concurrent Scan Root Regions
[2024-06-28T15:32:11.737-0300][4.599s] GC(8) Concurrent Scan Root Regions 0.350ms
[2024-06-28T15:32:11.737-0300][4.599s] GC(8) Concurrent Mark
[2024-06-28T15:32:11.737-0300][4.599s] GC(8) Concurrent Mark From Roots
[2024-06-28T15:32:11.737-0300][4.599s] GC(8) Using 1 workers of 1 for marking
[2024-06-28T15:32:11.764-0300][4.626s] GC(8) Concurrent Mark From Roots 26.494ms
[2024-06-28T15:32:11.764-0300][4.626s] GC(8) Concurrent Preclean
[2024-06-28T15:32:11.764-0300][4.626s] GC(8) Concurrent Preclean 0.136ms
[2024-06-28T15:32:11.764-0300][4.626s] GC(8) Pause Remark
[2024-06-28T15:32:11.767-0300][4.628s] GC(8) Pause Remark 34M->34M(512M) 2.302ms
[2024-06-28T15:32:11.767-0300][4.628s] GC(8) User=0.01s Sys=0.00s Real=0.00s
[2024-06-28T15:32:11.767-0300][4.629s] GC(8) Concurrent Mark 29.290ms
[2024-06-28T15:32:11.767-0300][4.629s] GC(8) Concurrent Rebuild Remembered Sets
[2024-06-28T15:32:11.781-0300][4.643s] GC(8) Concurrent Rebuild Remembered Sets 14.096ms
[2024-06-28T15:32:11.781-0300][4.643s] GC(8) Pause Cleanup
[2024-06-28T15:32:11.781-0300][4.643s] GC(8) Pause Cleanup 34M->34M(512M) 0.066ms
[2024-06-28T15:32:11.781-0300][4.643s] GC(8) User=0.00s Sys=0.00s Real=0.00s
[2024-06-28T15:32:11.781-0300][4.643s] GC(8) Concurrent Cleanup for Next Mark
[2024-06-28T15:32:11.782-0300][4.643s] GC(8) Concurrent Cleanup for Next Mark 0.634ms
[2024-06-28T15:32:11.782-0300][4.643s] GC(8) Concurrent Mark Cycle 44.646ms
