[2024-06-28T15:32:13.652-0300][0.006s] Using G1
[2024-06-28T15:32:13.733-0300][0.087s] Version: 17.0.7+7 (release)
[2024-06-28T15:32:13.733-0300][0.087s] CPUs: 5 total, 5 available
[2024-06-28T15:32:13.733-0300][0.087s] Memory: 7932M
[2024-06-28T15:32:13.733-0300][0.087s] Large Page Support: Disabled
[2024-06-28T15:32:13.733-0300][0.087s] NUMA Support: Disabled
[2024-06-28T15:32:13.733-0300][0.087s] Compressed Oops: Enabled (32-bit)
[2024-06-28T15:32:13.733-0300][0.087s] Heap Region Size: 1M
[2024-06-28T15:32:13.733-0300][0.087s] Heap Min Capacity: 512M
[2024-06-28T15:32:13.733-0300][0.087s] Heap Initial Capacity: 512M
[2024-06-28T15:32:13.733-0300][0.087s] Heap Max Capacity: 512M
[2024-06-28T15:32:13.733-0300][0.087s] Pre-touch: Enabled
[2024-06-28T15:32:13.733-0300][0.087s] Parallel Workers: 5
[2024-06-28T15:32:13.733-0300][0.087s] Concurrent Workers: 1
[2024-06-28T15:32:13.733-0300][0.087s] Concurrent Refinement Workers: 5
[2024-06-28T15:32:13.733-0300][0.087s] Periodic GC: Disabled
[2024-06-28T15:32:13.733-0300][0.087s] CDS archive(s) mapped at: [0x0000000800000000-0x0000000800a7b000-0x0000000800a7b000), size 10989568, SharedBaseAddress: 0x0000000800000000, ArchiveRelocationMode: 0.
[2024-06-28T15:32:13.733-0300][0.087s] Compressed class space mapped at: 0x0000000801000000-0x0000000841000000, reserved size: 1073741824
[2024-06-28T15:32:13.733-0300][0.087s] Narrow klass base: 0x0000000800000000, Narrow klass shift: 0, Narrow klass range: 0x100000000
[2024-06-28T15:32:14.602-0300][0.956s] GC(0) Pause Young (Normal) (G1 Evacuation Pause)
[2024-06-28T15:32:14.602-0300][0.956s] GC(0) Using 5 workers of 5 for evacuation
[2024-06-28T15:32:14.609-0300][0.963s] GC(0)   Pre Evacuate Collection Set: 0.1ms
[2024-06-28T15:32:14.609-0300][0.963s] GC(0)   Merge Heap Roots: 0.0ms
[2024-06-28T15:32:14.609-0300][0.963s] GC(0)   Evacuate Collection Set: 6.8ms
[2024-06-28T15:32:14.609-0300][0.963s] GC(0)   Post Evacuate Collection Set: 0.4ms
[2024-06-28T15:32:14.609-0300][0.963s] GC(0)   Other: 0.1ms
[2024-06-28T15:32:14.609-0300][0.963s] GC(0) Eden regions: 25->0(36)
[2024-06-28T15:32:14.609-0300][0.963s] GC(0) Survivor regions: 0->4(4)
[2024-06-28T15:32:14.609-0300][0.963s] GC(0) Old regions: 0->0
[2024-06-28T15:32:14.609-0300][0.963s] GC(0) Archive regions: 2->2
[2024-06-28T15:32:14.609-0300][0.963s] GC(0) Humongous regions: 0->0
[2024-06-28T15:32:14.609-0300][0.963s] GC(0) Metaspace: 9156K(9408K)->9156K(9408K) NonClass: 8037K(8192K)->8037K(8192K) Class: 1118K(1216K)->1118K(1216K)
[2024-06-28T15:32:14.609-0300][0.963s] GC(0) Pause Young (Normal) (G1 Evacuation Pause) 25M->4M(512M) 7.418ms
[2024-06-28T15:32:14.609-0300][0.963s] GC(0) User=0.02s Sys=0.00s Real=0.01s
[2024-06-28T15:32:15.196-0300][1.550s] GC(1) Pause Young (Normal) (G1 Evacuation Pause)
[2024-06-28T15:32:15.196-0300][1.550s] GC(1) Using 5 workers of 5 for evacuation
[2024-06-28T15:32:15.209-0300][1.562s] GC(1)   Pre Evacuate Collection Set: 0.1ms
[2024-06-28T15:32:15.209-0300][1.562s] GC(1)   Merge Heap Roots: 0.0ms
[2024-06-28T15:32:15.209-0300][1.562s] GC(1)   Evacuate Collection Set: 11.5ms
[2024-06-28T15:32:15.209-0300][1.562s] GC(1)   Post Evacuate Collection Set: 0.5ms
[2024-06-28T15:32:15.209-0300][1.562s] GC(1)   Other: 0.1ms
[2024-06-28T15:32:15.209-0300][1.562s] GC(1) Eden regions: 33->0(40)
[2024-06-28T15:32:15.209-0300][1.562s] GC(1) Survivor regions: 4->5(5)
[2024-06-28T15:32:15.209-0300][1.562s] GC(1) Old regions: 0->9
[2024-06-28T15:32:15.209-0300][1.562s] GC(1) Archive regions: 2->2
[2024-06-28T15:32:15.209-0300][1.562s] GC(1) Humongous regions: 4->4
[2024-06-28T15:32:15.209-0300][1.562s] GC(1) Metaspace: 17334K(17664K)->17334K(17664K) NonClass: 15192K(15360K)->15192K(15360K) Class: 2142K(2304K)->2142K(2304K)
[2024-06-28T15:32:15.209-0300][1.562s] GC(1) Pause Young (Normal) (G1 Evacuation Pause) 41M->18M(512M) 12.246ms
[2024-06-28T15:32:15.209-0300][1.562s] GC(1) User=0.02s Sys=0.01s Real=0.01s
[2024-06-28T15:32:15.457-0300][1.811s] GC(2) Pause Young (Normal) (G1 Evacuation Pause)
[2024-06-28T15:32:15.457-0300][1.811s] GC(2) Using 5 workers of 5 for evacuation
[2024-06-28T15:32:15.461-0300][1.815s] GC(2)   Pre Evacuate Collection Set: 0.1ms
[2024-06-28T15:32:15.461-0300][1.815s] GC(2)   Merge Heap Roots: 0.0ms
[2024-06-28T15:32:15.461-0300][1.815s] GC(2)   Evacuate Collection Set: 3.2ms
[2024-06-28T15:32:15.461-0300][1.815s] GC(2)   Post Evacuate Collection Set: 0.3ms
[2024-06-28T15:32:15.461-0300][1.815s] GC(2)   Other: 0.1ms
[2024-06-28T15:32:15.461-0300][1.815s] GC(2) Eden regions: 40->0(58)
[2024-06-28T15:32:15.461-0300][1.815s] GC(2) Survivor regions: 5->5(6)
[2024-06-28T15:32:15.461-0300][1.815s] GC(2) Old regions: 9->14
[2024-06-28T15:32:15.461-0300][1.815s] GC(2) Archive regions: 2->2
[2024-06-28T15:32:15.461-0300][1.815s] GC(2) Humongous regions: 4->4
[2024-06-28T15:32:15.461-0300][1.815s] GC(2) Metaspace: 17693K(17984K)->17693K(17984K) NonClass: 15531K(15680K)->15531K(15680K) Class: 2162K(2304K)->2162K(2304K)
[2024-06-28T15:32:15.461-0300][1.815s] GC(2) Pause Young (Normal) (G1 Evacuation Pause) 58M->23M(512M) 3.782ms
[2024-06-28T15:32:15.461-0300][1.815s] GC(2) User=0.01s Sys=0.00s Real=0.00s
[2024-06-28T15:32:15.705-0300][2.058s] GC(3) Pause Young (Concurrent Start) (Metadata GC Threshold)
[2024-06-28T15:32:15.705-0300][2.058s] GC(3) Using 5 workers of 5 for evacuation
[2024-06-28T15:32:15.707-0300][2.061s] GC(3)   Pre Evacuate Collection Set: 0.1ms
[2024-06-28T15:32:15.707-0300][2.061s] GC(3)   Merge Heap Roots: 0.0ms
[2024-06-28T15:32:15.707-0300][2.061s] GC(3)   Evacuate Collection Set: 1.8ms
[2024-06-28T15:32:15.707-0300][2.061s] GC(3)   Post Evacuate Collection Set: 0.3ms
[2024-06-28T15:32:15.707-0300][2.061s] GC(3)   Other: 0.1ms
[2024-06-28T15:32:15.707-0300][2.061s] GC(3) Eden regions: 23->0(85)
[2024-06-28T15:32:15.707-0300][2.061s] GC(3) Survivor regions: 5->6(8)
[2024-06-28T15:32:15.707-0300][2.061s] GC(3) Old regions: 14->14
[2024-06-28T15:32:15.707-0300][2.061s] GC(3) Archive regions: 2->2
[2024-06-28T15:32:15.707-0300][2.061s] GC(3) Humongous regions: 5->4
[2024-06-28T15:32:15.707-0300][2.061s] GC(3) Metaspace: 21157K(21504K)->21157K(21504K) NonClass: 18592K(18752K)->18592K(18752K) Class: 2565K(2752K)->2565K(2752K)
[2024-06-28T15:32:15.707-0300][2.061s] GC(3) Pause Young (Concurrent Start) (Metadata GC Threshold) 47M->24M(512M) 2.446ms
[2024-06-28T15:32:15.707-0300][2.061s] GC(3) User=0.01s Sys=0.01s Real=0.01s
[2024-06-28T15:32:15.707-0300][2.061s] GC(4) Concurrent Mark Cycle
[2024-06-28T15:32:15.707-0300][2.061s] GC(4) Concurrent Clear Claimed Marks
[2024-06-28T15:32:15.707-0300][2.061s] GC(4) Concurrent Clear Claimed Marks 0.015ms
[2024-06-28T15:32:15.707-0300][2.061s] GC(4) Concurrent Scan Root Regions
[2024-06-28T15:32:15.708-0300][2.062s] GC(4) Concurrent Scan Root Regions 1.144ms
[2024-06-28T15:32:15.708-0300][2.062s] GC(4) Concurrent Mark
[2024-06-28T15:32:15.708-0300][2.062s] GC(4) Concurrent Mark From Roots
[2024-06-28T15:32:15.708-0300][2.062s] GC(4) Using 1 workers of 1 for marking
[2024-06-28T15:32:15.725-0300][2.079s] GC(4) Concurrent Mark From Roots 16.789ms
[2024-06-28T15:32:15.725-0300][2.079s] GC(4) Concurrent Preclean
[2024-06-28T15:32:15.725-0300][2.079s] GC(4) Concurrent Preclean 0.067ms
[2024-06-28T15:32:15.725-0300][2.079s] GC(4) Pause Remark
[2024-06-28T15:32:15.728-0300][2.082s] GC(4) Pause Remark 26M->26M(512M) 2.665ms
[2024-06-28T15:32:15.728-0300][2.082s] GC(4) User=0.01s Sys=0.00s Real=0.01s
[2024-06-28T15:32:15.728-0300][2.082s] GC(4) Concurrent Mark 19.684ms
[2024-06-28T15:32:15.728-0300][2.082s] GC(4) Concurrent Rebuild Remembered Sets
[2024-06-28T15:32:15.737-0300][2.091s] GC(4) Concurrent Rebuild Remembered Sets 8.935ms
[2024-06-28T15:32:15.737-0300][2.091s] GC(4) Pause Cleanup
[2024-06-28T15:32:15.737-0300][2.091s] GC(4) Pause Cleanup 26M->26M(512M) 0.064ms
[2024-06-28T15:32:15.737-0300][2.091s] GC(4) User=0.00s Sys=0.00s Real=0.00s
[2024-06-28T15:32:15.737-0300][2.091s] GC(4) Concurrent Cleanup for Next Mark
[2024-06-28T15:32:15.738-0300][2.092s] GC(4) Concurrent Cleanup for Next Mark 0.689ms
[2024-06-28T15:32:15.738-0300][2.092s] GC(4) Concurrent Mark Cycle 31.015ms
[2024-06-28T15:32:17.194-0300][3.548s] GC(5) Pause Young (Prepare Mixed) (G1 Evacuation Pause)
[2024-06-28T15:32:17.194-0300][3.548s] GC(5) Using 5 workers of 5 for evacuation
[2024-06-28T15:32:17.208-0300][3.561s] GC(5)   Pre Evacuate Collection Set: 0.1ms
[2024-06-28T15:32:17.208-0300][3.561s] GC(5)   Merge Heap Roots: 0.1ms
[2024-06-28T15:32:17.208-0300][3.561s] GC(5)   Evacuate Collection Set: 12.5ms
[2024-06-28T15:32:17.208-0300][3.561s] GC(5)   Post Evacuate Collection Set: 0.6ms
[2024-06-28T15:32:17.208-0300][3.561s] GC(5)   Other: 0.1ms
[2024-06-28T15:32:17.208-0300][3.561s] GC(5) Eden regions: 93->0(13)
[2024-06-28T15:32:17.208-0300][3.561s] GC(5) Survivor regions: 6->12(13)
[2024-06-28T15:32:17.208-0300][3.561s] GC(5) Old regions: 14->14
[2024-06-28T15:32:17.208-0300][3.561s] GC(5) Archive regions: 2->2
[2024-06-28T15:32:17.208-0300][3.561s] GC(5) Humongous regions: 4->4
[2024-06-28T15:32:17.208-0300][3.561s] GC(5) Metaspace: 34661K(35072K)->34661K(35072K) NonClass: 30363K(30592K)->30363K(30592K) Class: 4297K(4480K)->4297K(4480K)
[2024-06-28T15:32:17.208-0300][3.561s] GC(5) Pause Young (Prepare Mixed) (G1 Evacuation Pause) 117M->30M(512M) 13.423ms
[2024-06-28T15:32:17.208-0300][3.561s] GC(5) User=0.03s Sys=0.00s Real=0.02s
[2024-06-28T15:32:17.278-0300][3.632s] GC(6) Pause Young (Mixed) (Metadata GC Threshold)
[2024-06-28T15:32:17.278-0300][3.632s] GC(6) Using 5 workers of 5 for evacuation
[2024-06-28T15:32:17.287-0300][3.641s] GC(6)   Pre Evacuate Collection Set: 0.1ms
[2024-06-28T15:32:17.287-0300][3.641s] GC(6)   Merge Heap Roots: 0.1ms
[2024-06-28T15:32:17.287-0300][3.641s] GC(6)   Evacuate Collection Set: 7.6ms
[2024-06-28T15:32:17.287-0300][3.641s] GC(6)   Post Evacuate Collection Set: 0.9ms
[2024-06-28T15:32:17.287-0300][3.641s] GC(6)   Other: 0.1ms
[2024-06-28T15:32:17.287-0300][3.641s] GC(6) Eden regions: 6->0(305)
[2024-06-28T15:32:17.287-0300][3.641s] GC(6) Survivor regions: 12->2(4)
[2024-06-28T15:32:17.287-0300][3.641s] GC(6) Old regions: 14->25
[2024-06-28T15:32:17.287-0300][3.641s] GC(6) Archive regions: 2->2
[2024-06-28T15:32:17.287-0300][3.641s] GC(6) Humongous regions: 4->4
[2024-06-28T15:32:17.287-0300][3.641s] GC(6) Metaspace: 35756K(36096K)->35756K(36096K) NonClass: 31334K(31488K)->31334K(31488K) Class: 4422K(4608K)->4422K(4608K)
[2024-06-28T15:32:17.287-0300][3.641s] GC(6) Pause Young (Mixed) (Metadata GC Threshold) 35M->30M(512M) 8.803ms
[2024-06-28T15:32:17.287-0300][3.641s] GC(6) User=0.01s Sys=0.01s Real=0.01s
[2024-06-28T15:32:17.298-0300][3.652s] GC(7) Pause Young (Concurrent Start) (Metadata GC Threshold)
[2024-06-28T15:32:17.298-0300][3.652s] GC(7) Using 5 workers of 5 for evacuation
[2024-06-28T15:32:17.302-0300][3.655s] GC(7)   Pre Evacuate Collection Set: 0.1ms
[2024-06-28T15:32:17.302-0300][3.655s] GC(7)   Merge Heap Roots: 0.0ms
[2024-06-28T15:32:17.302-0300][3.655s] GC(7)   Evacuate Collection Set: 2.9ms
[2024-06-28T15:32:17.302-0300][3.655s] GC(7)   Post Evacuate Collection Set: 0.3ms
[2024-06-28T15:32:17.302-0300][3.655s] GC(7)   Other: 0.1ms
[2024-06-28T15:32:17.302-0300][3.655s] GC(7) Eden regions: 2->0(306)
[2024-06-28T15:32:17.302-0300][3.655s] GC(7) Survivor regions: 2->1(39)
[2024-06-28T15:32:17.302-0300][3.655s] GC(7) Old regions: 25->25
[2024-06-28T15:32:17.302-0300][3.655s] GC(7) Archive regions: 2->2
[2024-06-28T15:32:17.302-0300][3.655s] GC(7) Humongous regions: 4->4
[2024-06-28T15:32:17.302-0300][3.655s] GC(7) Metaspace: 35998K(36416K)->35998K(36416K) NonClass: 31543K(31744K)->31543K(31744K) Class: 4455K(4672K)->4455K(4672K)
[2024-06-28T15:32:17.302-0300][3.655s] GC(7) Pause Young (Concurrent Start) (Metadata GC Threshold) 32M->30M(512M) 3.423ms
[2024-06-28T15:32:17.302-0300][3.655s] GC(7) User=0.00s Sys=0.00s Real=0.00s
[2024-06-28T15:32:17.302-0300][3.655s] GC(8) Concurrent Mark Cycle
[2024-06-28T15:32:17.302-0300][3.655s] GC(8) Concurrent Clear Claimed Marks
[2024-06-28T15:32:17.302-0300][3.655s] GC(8) Concurrent Clear Claimed Marks 0.020ms
[2024-06-28T15:32:17.302-0300][3.655s] GC(8) Concurrent Scan Root Regions
[2024-06-28T15:32:17.302-0300][3.656s] GC(8) Concurrent Scan Root Regions 0.486ms
[2024-06-28T15:32:17.302-0300][3.656s] GC(8) Concurrent Mark
[2024-06-28T15:32:17.302-0300][3.656s] GC(8) Concurrent Mark From Roots
[2024-06-28T15:32:17.302-0300][3.656s] GC(8) Using 1 workers of 1 for marking
[2024-06-28T15:32:17.331-0300][3.685s] GC(8) Concurrent Mark From Roots 28.532ms
[2024-06-28T15:32:17.331-0300][3.685s] GC(8) Concurrent Preclean
[2024-06-28T15:32:17.331-0300][3.685s] GC(8) Concurrent Preclean 0.107ms
[2024-06-28T15:32:17.333-0300][3.687s] GC(8) Pause Remark
[2024-06-28T15:32:17.337-0300][3.691s] GC(8) Pause Remark 33M->33M(512M) 3.808ms
[2024-06-28T15:32:17.337-0300][3.691s] GC(8) User=0.01s Sys=0.00s Real=0.01s
[2024-06-28T15:32:17.337-0300][3.691s] GC(8) Concurrent Mark 34.764ms
[2024-06-28T15:32:17.337-0300][3.691s] GC(8) Concurrent Rebuild Remembered Sets
[2024-06-28T15:32:17.354-0300][3.708s] GC(8) Concurrent Rebuild Remembered Sets 16.843ms
[2024-06-28T15:32:17.354-0300][3.708s] GC(8) Pause Cleanup
[2024-06-28T15:32:17.354-0300][3.708s] GC(8) Pause Cleanup 34M->34M(512M) 0.068ms
[2024-06-28T15:32:17.354-0300][3.708s] GC(8) User=0.00s Sys=0.00s Real=0.00s
[2024-06-28T15:32:17.354-0300][3.708s] GC(8) Concurrent Cleanup for Next Mark
[2024-06-28T15:32:17.361-0300][3.714s] GC(8) Concurrent Cleanup for Next Mark 6.485ms
[2024-06-28T15:32:17.361-0300][3.714s] GC(8) Concurrent Mark Cycle 58.957ms
