[2024-06-28T15:29:24.400-0300][0.011s] Using G1
[2024-06-28T15:29:24.765-0300][0.376s] Version: 17.0.7+7 (release)
[2024-06-28T15:29:24.765-0300][0.376s] CPUs: 5 total, 5 available
[2024-06-28T15:29:24.765-0300][0.376s] Memory: 7941M
[2024-06-28T15:29:24.765-0300][0.376s] Large Page Support: Disabled
[2024-06-28T15:29:24.765-0300][0.376s] NUMA Support: Disabled
[2024-06-28T15:29:24.765-0300][0.376s] Compressed Oops: Enabled (32-bit)
[2024-06-28T15:29:24.765-0300][0.376s] Heap Region Size: 1M
[2024-06-28T15:29:24.765-0300][0.376s] Heap Min Capacity: 512M
[2024-06-28T15:29:24.765-0300][0.376s] Heap Initial Capacity: 512M
[2024-06-28T15:29:24.765-0300][0.376s] Heap Max Capacity: 512M
[2024-06-28T15:29:24.765-0300][0.376s] Pre-touch: Enabled
[2024-06-28T15:29:24.765-0300][0.376s] Parallel Workers: 5
[2024-06-28T15:29:24.765-0300][0.376s] Concurrent Workers: 1
[2024-06-28T15:29:24.765-0300][0.376s] Concurrent Refinement Workers: 5
[2024-06-28T15:29:24.765-0300][0.376s] Periodic GC: Disabled
[2024-06-28T15:29:24.765-0300][0.376s] CDS archive(s) mapped at: [0x0000000800000000-0x0000000800a7b000-0x0000000800a7b000), size 10989568, SharedBaseAddress: 0x0000000800000000, ArchiveRelocationMode: 0.
[2024-06-28T15:29:24.765-0300][0.376s] Compressed class space mapped at: 0x0000000801000000-0x0000000841000000, reserved size: 1073741824
[2024-06-28T15:29:24.765-0300][0.376s] Narrow klass base: 0x0000000800000000, Narrow klass shift: 0, Narrow klass range: 0x100000000
[2024-06-28T15:29:28.061-0300][3.672s] GC(0) Pause Young (Normal) (G1 Evacuation Pause)
[2024-06-28T15:29:28.061-0300][3.672s] GC(0) Using 5 workers of 5 for evacuation
[2024-06-28T15:29:28.074-0300][3.685s] GC(0)   Pre Evacuate Collection Set: 0.7ms
[2024-06-28T15:29:28.074-0300][3.685s] GC(0)   Merge Heap Roots: 0.1ms
[2024-06-28T15:29:28.074-0300][3.685s] GC(0)   Evacuate Collection Set: 11.5ms
[2024-06-28T15:29:28.074-0300][3.685s] GC(0)   Post Evacuate Collection Set: 0.7ms
[2024-06-28T15:29:28.074-0300][3.685s] GC(0)   Other: 0.1ms
[2024-06-28T15:29:28.074-0300][3.685s] GC(0) Eden regions: 25->0(35)
[2024-06-28T15:29:28.074-0300][3.685s] GC(0) Survivor regions: 0->4(4)
[2024-06-28T15:29:28.074-0300][3.685s] GC(0) Old regions: 0->0
[2024-06-28T15:29:28.074-0300][3.685s] GC(0) Archive regions: 2->2
[2024-06-28T15:29:28.074-0300][3.685s] GC(0) Humongous regions: 0->0
[2024-06-28T15:29:28.074-0300][3.685s] GC(0) Metaspace: 9219K(9408K)->9219K(9408K) NonClass: 8094K(8192K)->8094K(8192K) Class: 1124K(1216K)->1124K(1216K)
[2024-06-28T15:29:28.074-0300][3.686s] GC(0) Pause Young (Normal) (G1 Evacuation Pause) 25M->4M(512M) 13.076ms
[2024-06-28T15:29:28.074-0300][3.686s] GC(0) User=0.01s Sys=0.00s Real=0.01s
[2024-06-28T15:29:29.437-0300][5.048s] GC(1) Pause Young (Normal) (G1 Evacuation Pause)
[2024-06-28T15:29:29.437-0300][5.048s] GC(1) Using 5 workers of 5 for evacuation
[2024-06-28T15:29:29.452-0300][5.063s] GC(1)   Pre Evacuate Collection Set: 0.1ms
[2024-06-28T15:29:29.452-0300][5.063s] GC(1)   Merge Heap Roots: 0.1ms
[2024-06-28T15:29:29.452-0300][5.063s] GC(1)   Evacuate Collection Set: 14.3ms
[2024-06-28T15:29:29.452-0300][5.063s] GC(1)   Post Evacuate Collection Set: 0.8ms
[2024-06-28T15:29:29.452-0300][5.063s] GC(1)   Other: 0.1ms
[2024-06-28T15:29:29.452-0300][5.063s] GC(1) Eden regions: 33->0(39)
[2024-06-28T15:29:29.452-0300][5.063s] GC(1) Survivor regions: 4->5(5)
[2024-06-28T15:29:29.452-0300][5.064s] GC(1) Old regions: 0->9
[2024-06-28T15:29:29.452-0300][5.064s] GC(1) Archive regions: 2->2
[2024-06-28T15:29:29.452-0300][5.064s] GC(1) Humongous regions: 4->4
[2024-06-28T15:29:29.452-0300][5.064s] GC(1) Metaspace: 17494K(17792K)->17494K(17792K) NonClass: 15341K(15488K)->15341K(15488K) Class: 2152K(2304K)->2152K(2304K)
[2024-06-28T15:29:29.452-0300][5.064s] GC(1) Pause Young (Normal) (G1 Evacuation Pause) 41M->18M(512M) 15.437ms
[2024-06-28T15:29:29.452-0300][5.064s] GC(1) User=0.02s Sys=0.00s Real=0.02s
[2024-06-28T15:29:30.046-0300][5.657s] GC(2) Pause Young (Normal) (G1 Evacuation Pause)
[2024-06-28T15:29:30.046-0300][5.657s] GC(2) Using 5 workers of 5 for evacuation
[2024-06-28T15:29:30.053-0300][5.664s] GC(2)   Pre Evacuate Collection Set: 0.1ms
[2024-06-28T15:29:30.053-0300][5.664s] GC(2)   Merge Heap Roots: 0.1ms
[2024-06-28T15:29:30.053-0300][5.664s] GC(2)   Evacuate Collection Set: 5.5ms
[2024-06-28T15:29:30.053-0300][5.664s] GC(2)   Post Evacuate Collection Set: 1.3ms
[2024-06-28T15:29:30.053-0300][5.664s] GC(2)   Other: 0.1ms
[2024-06-28T15:29:30.053-0300][5.664s] GC(2) Eden regions: 39->0(91)
[2024-06-28T15:29:30.053-0300][5.664s] GC(2) Survivor regions: 5->4(6)
[2024-06-28T15:29:30.053-0300][5.664s] GC(2) Old regions: 9->14
[2024-06-28T15:29:30.053-0300][5.664s] GC(2) Archive regions: 2->2
[2024-06-28T15:29:30.053-0300][5.664s] GC(2) Humongous regions: 4->4
[2024-06-28T15:29:30.053-0300][5.664s] GC(2) Metaspace: 17747K(18048K)->17747K(18048K) NonClass: 15587K(15744K)->15587K(15744K) Class: 2159K(2304K)->2159K(2304K)
[2024-06-28T15:29:30.053-0300][5.664s] GC(2) Pause Young (Normal) (G1 Evacuation Pause) 57M->22M(512M) 7.082ms
[2024-06-28T15:29:30.053-0300][5.664s] GC(2) User=0.01s Sys=0.00s Real=0.01s
[2024-06-28T15:29:30.614-0300][6.225s] GC(3) Pause Young (Concurrent Start) (Metadata GC Threshold)
[2024-06-28T15:29:30.614-0300][6.225s] GC(3) Using 5 workers of 5 for evacuation
[2024-06-28T15:29:30.617-0300][6.228s] GC(3)   Pre Evacuate Collection Set: 0.2ms
[2024-06-28T15:29:30.617-0300][6.228s] GC(3)   Merge Heap Roots: 0.0ms
[2024-06-28T15:29:30.617-0300][6.228s] GC(3)   Evacuate Collection Set: 2.7ms
[2024-06-28T15:29:30.617-0300][6.228s] GC(3)   Post Evacuate Collection Set: 0.4ms
[2024-06-28T15:29:30.617-0300][6.228s] GC(3)   Other: 0.1ms
[2024-06-28T15:29:30.617-0300][6.228s] GC(3) Eden regions: 22->0(162)
[2024-06-28T15:29:30.617-0300][6.228s] GC(3) Survivor regions: 4->5(12)
[2024-06-28T15:29:30.617-0300][6.228s] GC(3) Old regions: 14->14
[2024-06-28T15:29:30.617-0300][6.228s] GC(3) Archive regions: 2->2
[2024-06-28T15:29:30.617-0300][6.228s] GC(3) Humongous regions: 5->5
[2024-06-28T15:29:30.617-0300][6.228s] GC(3) Metaspace: 21142K(21504K)->21142K(21504K) NonClass: 18588K(18816K)->18588K(18816K) Class: 2553K(2688K)->2553K(2688K)
[2024-06-28T15:29:30.617-0300][6.228s] GC(3) Pause Young (Concurrent Start) (Metadata GC Threshold) 45M->24M(512M) 3.451ms
[2024-06-28T15:29:30.617-0300][6.228s] GC(3) User=0.01s Sys=0.00s Real=0.01s
[2024-06-28T15:29:30.617-0300][6.228s] GC(4) Concurrent Mark Cycle
[2024-06-28T15:29:30.617-0300][6.228s] GC(4) Concurrent Clear Claimed Marks
[2024-06-28T15:29:30.617-0300][6.228s] GC(4) Concurrent Clear Claimed Marks 0.017ms
[2024-06-28T15:29:30.617-0300][6.228s] GC(4) Concurrent Scan Root Regions
[2024-06-28T15:29:30.618-0300][6.229s] GC(4) Concurrent Scan Root Regions 1.069ms
[2024-06-28T15:29:30.618-0300][6.229s] GC(4) Concurrent Mark
[2024-06-28T15:29:30.618-0300][6.229s] GC(4) Concurrent Mark From Roots
[2024-06-28T15:29:30.618-0300][6.229s] GC(4) Using 1 workers of 1 for marking
[2024-06-28T15:29:30.636-0300][6.247s] GC(4) Concurrent Mark From Roots 17.966ms
[2024-06-28T15:29:30.636-0300][6.247s] GC(4) Concurrent Preclean
[2024-06-28T15:29:30.636-0300][6.248s] GC(4) Concurrent Preclean 0.070ms
[2024-06-28T15:29:30.637-0300][6.248s] GC(4) Pause Remark
[2024-06-28T15:29:30.639-0300][6.250s] GC(4) Pause Remark 27M->27M(512M) 2.279ms
[2024-06-28T15:29:30.639-0300][6.250s] GC(4) User=0.01s Sys=0.00s Real=0.01s
[2024-06-28T15:29:30.639-0300][6.250s] GC(4) Concurrent Mark 20.500ms
[2024-06-28T15:29:30.639-0300][6.250s] GC(4) Concurrent Rebuild Remembered Sets
[2024-06-28T15:29:30.648-0300][6.260s] GC(4) Concurrent Rebuild Remembered Sets 9.542ms
[2024-06-28T15:29:30.649-0300][6.260s] GC(4) Pause Cleanup
[2024-06-28T15:29:30.649-0300][6.260s] GC(4) Pause Cleanup 28M->28M(512M) 0.095ms
[2024-06-28T15:29:30.649-0300][6.260s] GC(4) User=0.00s Sys=0.00s Real=0.00s
[2024-06-28T15:29:30.649-0300][6.260s] GC(4) Concurrent Cleanup for Next Mark
[2024-06-28T15:29:30.650-0300][6.261s] GC(4) Concurrent Cleanup for Next Mark 0.994ms
[2024-06-28T15:29:30.650-0300][6.261s] GC(4) Concurrent Mark Cycle 32.459ms
[2024-06-28T15:29:33.088-0300][8.699s] GC(5) Pause Young (Concurrent Start) (Metadata GC Threshold)
[2024-06-28T15:29:33.088-0300][8.699s] GC(5) Using 5 workers of 5 for evacuation
[2024-06-28T15:29:33.107-0300][8.718s] GC(5)   Pre Evacuate Collection Set: 0.1ms
[2024-06-28T15:29:33.107-0300][8.718s] GC(5)   Merge Heap Roots: 0.1ms
[2024-06-28T15:29:33.107-0300][8.718s] GC(5)   Evacuate Collection Set: 15.1ms
[2024-06-28T15:29:33.107-0300][8.718s] GC(5)   Post Evacuate Collection Set: 3.7ms
[2024-06-28T15:29:33.107-0300][8.718s] GC(5)   Other: 0.1ms
[2024-06-28T15:29:33.107-0300][8.718s] GC(5) Eden regions: 107->0(125)
[2024-06-28T15:29:33.107-0300][8.718s] GC(5) Survivor regions: 5->12(24)
[2024-06-28T15:29:33.107-0300][8.718s] GC(5) Old regions: 14->14
[2024-06-28T15:29:33.107-0300][8.718s] GC(5) Archive regions: 2->2
[2024-06-28T15:29:33.107-0300][8.718s] GC(5) Humongous regions: 5->4
[2024-06-28T15:29:33.107-0300][8.718s] GC(5) Metaspace: 35762K(36096K)->35762K(36096K) NonClass: 31340K(31488K)->31340K(31488K) Class: 4422K(4608K)->4422K(4608K)
[2024-06-28T15:29:33.107-0300][8.718s] GC(5) Pause Young (Concurrent Start) (Metadata GC Threshold) 131M->30M(512M) 19.227ms
[2024-06-28T15:29:33.107-0300][8.718s] GC(5) User=0.02s Sys=0.00s Real=0.02s
[2024-06-28T15:29:33.107-0300][8.719s] GC(6) Concurrent Mark Cycle
[2024-06-28T15:29:33.107-0300][8.719s] GC(6) Concurrent Clear Claimed Marks
[2024-06-28T15:29:33.107-0300][8.719s] GC(6) Concurrent Clear Claimed Marks 0.041ms
[2024-06-28T15:29:33.107-0300][8.719s] GC(6) Concurrent Scan Root Regions
[2024-06-28T15:29:33.131-0300][8.742s] GC(6) Concurrent Scan Root Regions 23.100ms
[2024-06-28T15:29:33.131-0300][8.742s] GC(6) Concurrent Mark
[2024-06-28T15:29:33.131-0300][8.742s] GC(6) Concurrent Mark From Roots
[2024-06-28T15:29:33.131-0300][8.742s] GC(6) Using 1 workers of 1 for marking
[2024-06-28T15:29:33.187-0300][8.799s] GC(6) Concurrent Mark From Roots 56.903ms
[2024-06-28T15:29:33.188-0300][8.799s] GC(6) Concurrent Preclean
[2024-06-28T15:29:33.188-0300][8.799s] GC(6) Concurrent Preclean 0.105ms
[2024-06-28T15:29:33.192-0300][8.803s] GC(6) Pause Remark
[2024-06-28T15:29:33.203-0300][8.814s] GC(6) Pause Remark 32M->32M(512M) 10.220ms
[2024-06-28T15:29:33.203-0300][8.814s] GC(6) User=0.02s Sys=0.00s Real=0.01s
[2024-06-28T15:29:33.203-0300][8.814s] GC(6) Concurrent Mark 72.040ms
[2024-06-28T15:29:33.203-0300][8.814s] GC(6) Concurrent Rebuild Remembered Sets
[2024-06-28T15:29:33.220-0300][8.832s] GC(6) Concurrent Rebuild Remembered Sets 17.808ms
[2024-06-28T15:29:33.222-0300][8.833s] GC(6) Pause Cleanup
[2024-06-28T15:29:33.223-0300][8.834s] GC(6) Pause Cleanup 33M->33M(512M) 1.215ms
[2024-06-28T15:29:33.223-0300][8.834s] GC(6) User=0.00s Sys=0.00s Real=0.00s
[2024-06-28T15:29:33.223-0300][8.834s] GC(6) Concurrent Cleanup for Next Mark
[2024-06-28T15:29:33.225-0300][8.836s] GC(6) Concurrent Cleanup for Next Mark 1.184ms
[2024-06-28T15:29:33.225-0300][8.836s] GC(6) Concurrent Mark Cycle 117.173ms
