[2024-07-03T23:46:18.065-0300][0.014s] Using G1
[2024-07-03T23:46:18.282-0300][0.231s] Version: 17.0.7+7 (release)
[2024-07-03T23:46:18.282-0300][0.231s] CPUs: 5 total, 5 available
[2024-07-03T23:46:18.282-0300][0.231s] Memory: 7941M
[2024-07-03T23:46:18.282-0300][0.231s] Large Page Support: Disabled
[2024-07-03T23:46:18.282-0300][0.231s] NUMA Support: Disabled
[2024-07-03T23:46:18.282-0300][0.231s] Compressed Oops: Enabled (32-bit)
[2024-07-03T23:46:18.282-0300][0.231s] Heap Region Size: 1M
[2024-07-03T23:46:18.282-0300][0.231s] Heap Min Capacity: 512M
[2024-07-03T23:46:18.282-0300][0.231s] Heap Initial Capacity: 512M
[2024-07-03T23:46:18.282-0300][0.231s] Heap Max Capacity: 512M
[2024-07-03T23:46:18.282-0300][0.231s] Pre-touch: Enabled
[2024-07-03T23:46:18.282-0300][0.231s] Parallel Workers: 5
[2024-07-03T23:46:18.282-0300][0.231s] Concurrent Workers: 1
[2024-07-03T23:46:18.282-0300][0.231s] Concurrent Refinement Workers: 5
[2024-07-03T23:46:18.282-0300][0.231s] Periodic GC: Disabled
[2024-07-03T23:46:18.282-0300][0.231s] CDS archive(s) mapped at: [0x0000000800000000-0x0000000800a7b000-0x0000000800a7b000), size 10989568, SharedBaseAddress: 0x0000000800000000, ArchiveRelocationMode: 0.
[2024-07-03T23:46:18.282-0300][0.231s] Compressed class space mapped at: 0x0000000801000000-0x0000000841000000, reserved size: 1073741824
[2024-07-03T23:46:18.282-0300][0.231s] Narrow klass base: 0x0000000800000000, Narrow klass shift: 0, Narrow klass range: 0x100000000
[2024-07-03T23:46:19.408-0300][1.357s] GC(0) Pause Young (Normal) (G1 Evacuation Pause)
[2024-07-03T23:46:19.408-0300][1.357s] GC(0) Using 5 workers of 5 for evacuation
[2024-07-03T23:46:19.411-0300][1.361s] GC(0)   Pre Evacuate Collection Set: 0.3ms
[2024-07-03T23:46:19.411-0300][1.361s] GC(0)   Merge Heap Roots: 0.1ms
[2024-07-03T23:46:19.411-0300][1.361s] GC(0)   Evacuate Collection Set: 2.4ms
[2024-07-03T23:46:19.411-0300][1.361s] GC(0)   Post Evacuate Collection Set: 0.4ms
[2024-07-03T23:46:19.411-0300][1.361s] GC(0)   Other: 0.1ms
[2024-07-03T23:46:19.411-0300][1.361s] GC(0) Eden regions: 25->0(36)
[2024-07-03T23:46:19.411-0300][1.361s] GC(0) Survivor regions: 0->4(4)
[2024-07-03T23:46:19.411-0300][1.361s] GC(0) Old regions: 0->0
[2024-07-03T23:46:19.411-0300][1.361s] GC(0) Archive regions: 2->2
[2024-07-03T23:46:19.411-0300][1.361s] GC(0) Humongous regions: 0->0
[2024-07-03T23:46:19.411-0300][1.361s] GC(0) Metaspace: 9196K(9408K)->9196K(9408K) NonClass: 8075K(8192K)->8075K(8192K) Class: 1121K(1216K)->1121K(1216K)
[2024-07-03T23:46:19.411-0300][1.361s] GC(0) Pause Young (Normal) (G1 Evacuation Pause) 25M->4M(512M) 3.298ms
[2024-07-03T23:46:19.411-0300][1.361s] GC(0) User=0.01s Sys=0.00s Real=0.01s
[2024-07-03T23:46:20.196-0300][2.145s] GC(1) Pause Young (Normal) (G1 Evacuation Pause)
[2024-07-03T23:46:20.196-0300][2.145s] GC(1) Using 5 workers of 5 for evacuation
[2024-07-03T23:46:20.221-0300][2.170s] GC(1)   Pre Evacuate Collection Set: 1.0ms
[2024-07-03T23:46:20.221-0300][2.170s] GC(1)   Merge Heap Roots: 0.1ms
[2024-07-03T23:46:20.221-0300][2.170s] GC(1)   Evacuate Collection Set: 22.8ms
[2024-07-03T23:46:20.221-0300][2.170s] GC(1)   Post Evacuate Collection Set: 1.1ms
[2024-07-03T23:46:20.221-0300][2.170s] GC(1)   Other: 0.1ms
[2024-07-03T23:46:20.221-0300][2.170s] GC(1) Eden regions: 34->0(38)
[2024-07-03T23:46:20.221-0300][2.170s] GC(1) Survivor regions: 4->5(5)
[2024-07-03T23:46:20.221-0300][2.170s] GC(1) Old regions: 0->9
[2024-07-03T23:46:20.221-0300][2.170s] GC(1) Archive regions: 2->2
[2024-07-03T23:46:20.221-0300][2.170s] GC(1) Humongous regions: 4->4
[2024-07-03T23:46:20.221-0300][2.170s] GC(1) Metaspace: 17497K(17792K)->17497K(17792K) NonClass: 15339K(15488K)->15339K(15488K) Class: 2158K(2304K)->2158K(2304K)
[2024-07-03T23:46:20.221-0300][2.170s] GC(1) Pause Young (Normal) (G1 Evacuation Pause) 42M->18M(512M) 25.121ms
[2024-07-03T23:46:20.221-0300][2.170s] GC(1) User=0.04s Sys=0.01s Real=0.02s
[2024-07-03T23:46:20.475-0300][2.424s] GC(2) Pause Young (Normal) (G1 Evacuation Pause)
[2024-07-03T23:46:20.475-0300][2.424s] GC(2) Using 5 workers of 5 for evacuation
[2024-07-03T23:46:20.483-0300][2.433s] GC(2)   Pre Evacuate Collection Set: 0.1ms
[2024-07-03T23:46:20.483-0300][2.433s] GC(2)   Merge Heap Roots: 0.1ms
[2024-07-03T23:46:20.483-0300][2.433s] GC(2)   Evacuate Collection Set: 7.8ms
[2024-07-03T23:46:20.483-0300][2.433s] GC(2)   Post Evacuate Collection Set: 0.5ms
[2024-07-03T23:46:20.483-0300][2.433s] GC(2)   Other: 0.2ms
[2024-07-03T23:46:20.483-0300][2.433s] GC(2) Eden regions: 38->0(233)
[2024-07-03T23:46:20.483-0300][2.433s] GC(2) Survivor regions: 5->4(6)
[2024-07-03T23:46:20.483-0300][2.433s] GC(2) Old regions: 9->14
[2024-07-03T23:46:20.484-0300][2.433s] GC(2) Archive regions: 2->2
[2024-07-03T23:46:20.484-0300][2.433s] GC(2) Humongous regions: 4->4
[2024-07-03T23:46:20.484-0300][2.433s] GC(2) Metaspace: 17694K(17984K)->17694K(17984K) NonClass: 15531K(15680K)->15531K(15680K) Class: 2163K(2304K)->2163K(2304K)
[2024-07-03T23:46:20.484-0300][2.433s] GC(2) Pause Young (Normal) (G1 Evacuation Pause) 56M->22M(512M) 8.706ms
[2024-07-03T23:46:20.484-0300][2.433s] GC(2) User=0.02s Sys=0.00s Real=0.01s
[2024-07-03T23:46:20.873-0300][2.823s] GC(3) Pause Young (Concurrent Start) (Metadata GC Threshold)
[2024-07-03T23:46:20.873-0300][2.823s] GC(3) Using 5 workers of 5 for evacuation
[2024-07-03T23:46:20.878-0300][2.827s] GC(3)   Pre Evacuate Collection Set: 0.3ms
[2024-07-03T23:46:20.878-0300][2.827s] GC(3)   Merge Heap Roots: 0.1ms
[2024-07-03T23:46:20.878-0300][2.827s] GC(3)   Evacuate Collection Set: 3.4ms
[2024-07-03T23:46:20.878-0300][2.827s] GC(3)   Post Evacuate Collection Set: 0.5ms
[2024-07-03T23:46:20.878-0300][2.827s] GC(3)   Other: 0.2ms
[2024-07-03T23:46:20.878-0300][2.827s] GC(3) Eden regions: 25->0(301)
[2024-07-03T23:46:20.878-0300][2.827s] GC(3) Survivor regions: 4->6(30)
[2024-07-03T23:46:20.878-0300][2.827s] GC(3) Old regions: 14->14
[2024-07-03T23:46:20.878-0300][2.827s] GC(3) Archive regions: 2->2
[2024-07-03T23:46:20.878-0300][2.827s] GC(3) Humongous regions: 5->4
[2024-07-03T23:46:20.878-0300][2.827s] GC(3) Metaspace: 21169K(21504K)->21169K(21504K) NonClass: 18594K(18752K)->18594K(18752K) Class: 2574K(2752K)->2574K(2752K)
[2024-07-03T23:46:20.878-0300][2.827s] GC(3) Pause Young (Concurrent Start) (Metadata GC Threshold) 48M->24M(512M) 4.622ms
[2024-07-03T23:46:20.878-0300][2.827s] GC(3) User=0.01s Sys=0.00s Real=0.00s
[2024-07-03T23:46:20.878-0300][2.828s] GC(4) Concurrent Mark Cycle
[2024-07-03T23:46:20.878-0300][2.828s] GC(4) Concurrent Clear Claimed Marks
[2024-07-03T23:46:20.878-0300][2.828s] GC(4) Concurrent Clear Claimed Marks 0.040ms
[2024-07-03T23:46:20.878-0300][2.828s] GC(4) Concurrent Scan Root Regions
[2024-07-03T23:46:20.880-0300][2.830s] GC(4) Concurrent Scan Root Regions 2.091ms
[2024-07-03T23:46:20.880-0300][2.830s] GC(4) Concurrent Mark
[2024-07-03T23:46:20.880-0300][2.830s] GC(4) Concurrent Mark From Roots
[2024-07-03T23:46:20.881-0300][2.830s] GC(4) Using 1 workers of 1 for marking
[2024-07-03T23:46:20.902-0300][2.852s] GC(4) Concurrent Mark From Roots 21.931ms
[2024-07-03T23:46:20.902-0300][2.852s] GC(4) Concurrent Preclean
[2024-07-03T23:46:20.903-0300][2.852s] GC(4) Concurrent Preclean 0.109ms
[2024-07-03T23:46:20.903-0300][2.852s] GC(4) Pause Remark
[2024-07-03T23:46:20.907-0300][2.856s] GC(4) Pause Remark 25M->25M(512M) 3.832ms
[2024-07-03T23:46:20.907-0300][2.856s] GC(4) User=0.01s Sys=0.00s Real=0.00s
[2024-07-03T23:46:20.907-0300][2.856s] GC(4) Concurrent Mark 26.192ms
[2024-07-03T23:46:20.907-0300][2.856s] GC(4) Concurrent Rebuild Remembered Sets
[2024-07-03T23:46:20.919-0300][2.868s] GC(4) Concurrent Rebuild Remembered Sets 12.331ms
[2024-07-03T23:46:20.920-0300][2.869s] GC(4) Pause Cleanup
[2024-07-03T23:46:20.920-0300][2.869s] GC(4) Pause Cleanup 26M->26M(512M) 0.177ms
[2024-07-03T23:46:20.920-0300][2.869s] GC(4) User=0.00s Sys=0.00s Real=0.00s
[2024-07-03T23:46:20.920-0300][2.869s] GC(4) Concurrent Cleanup for Next Mark
[2024-07-03T23:46:20.921-0300][2.870s] GC(4) Concurrent Cleanup for Next Mark 1.054ms
[2024-07-03T23:46:20.921-0300][2.870s] GC(4) Concurrent Mark Cycle 42.577ms
[2024-07-03T23:46:22.406-0300][4.355s] GC(5) Pause Young (Concurrent Start) (Metadata GC Threshold)
[2024-07-03T23:46:22.406-0300][4.355s] GC(5) Using 5 workers of 5 for evacuation
[2024-07-03T23:46:22.426-0300][4.375s] GC(5)   Pre Evacuate Collection Set: 0.1ms
[2024-07-03T23:46:22.426-0300][4.375s] GC(5)   Merge Heap Roots: 0.1ms
[2024-07-03T23:46:22.426-0300][4.375s] GC(5)   Evacuate Collection Set: 15.5ms
[2024-07-03T23:46:22.426-0300][4.375s] GC(5)   Post Evacuate Collection Set: 4.5ms
[2024-07-03T23:46:22.426-0300][4.375s] GC(5)   Other: 0.1ms
[2024-07-03T23:46:22.426-0300][4.375s] GC(5) Eden regions: 94->0(289)
[2024-07-03T23:46:22.426-0300][4.375s] GC(5) Survivor regions: 6->12(39)
[2024-07-03T23:46:22.426-0300][4.375s] GC(5) Old regions: 14->14
[2024-07-03T23:46:22.426-0300][4.375s] GC(5) Archive regions: 2->2
[2024-07-03T23:46:22.426-0300][4.375s] GC(5) Humongous regions: 4->4
[2024-07-03T23:46:22.426-0300][4.375s] GC(5) Metaspace: 35704K(36096K)->35704K(36096K) NonClass: 31289K(31488K)->31289K(31488K) Class: 4415K(4608K)->4415K(4608K)
[2024-07-03T23:46:22.426-0300][4.375s] GC(5) Pause Young (Concurrent Start) (Metadata GC Threshold) 118M->29M(512M) 20.432ms
[2024-07-03T23:46:22.426-0300][4.375s] GC(5) User=0.03s Sys=0.01s Real=0.02s
[2024-07-03T23:46:22.426-0300][4.376s] GC(6) Concurrent Mark Cycle
[2024-07-03T23:46:22.426-0300][4.376s] GC(6) Concurrent Clear Claimed Marks
[2024-07-03T23:46:22.426-0300][4.376s] GC(6) Concurrent Clear Claimed Marks 0.036ms
[2024-07-03T23:46:22.426-0300][4.376s] GC(6) Concurrent Scan Root Regions
[2024-07-03T23:46:22.435-0300][4.384s] GC(6) Concurrent Scan Root Regions 8.579ms
[2024-07-03T23:46:22.435-0300][4.384s] GC(6) Concurrent Mark
[2024-07-03T23:46:22.435-0300][4.384s] GC(6) Concurrent Mark From Roots
[2024-07-03T23:46:22.435-0300][4.384s] GC(6) Using 1 workers of 1 for marking
[2024-07-03T23:46:22.465-0300][4.414s] GC(6) Concurrent Mark From Roots 29.601ms
[2024-07-03T23:46:22.465-0300][4.414s] GC(6) Concurrent Preclean
[2024-07-03T23:46:22.465-0300][4.414s] GC(6) Concurrent Preclean 0.085ms
[2024-07-03T23:46:22.465-0300][4.414s] GC(6) Pause Remark
[2024-07-03T23:46:22.469-0300][4.418s] GC(6) Pause Remark 31M->31M(512M) 3.977ms
[2024-07-03T23:46:22.469-0300][4.418s] GC(6) User=0.00s Sys=0.00s Real=0.00s
[2024-07-03T23:46:22.470-0300][4.419s] GC(6) Concurrent Mark 34.687ms
[2024-07-03T23:46:22.470-0300][4.419s] GC(6) Concurrent Rebuild Remembered Sets
[2024-07-03T23:46:22.481-0300][4.430s] GC(6) Concurrent Rebuild Remembered Sets 11.428ms
[2024-07-03T23:46:22.482-0300][4.432s] GC(6) Pause Cleanup
[2024-07-03T23:46:22.483-0300][4.432s] GC(6) Pause Cleanup 32M->32M(512M) 0.115ms
[2024-07-03T23:46:22.483-0300][4.432s] GC(6) User=0.00s Sys=0.00s Real=0.00s
[2024-07-03T23:46:22.484-0300][4.434s] GC(6) Concurrent Cleanup for Next Mark
[2024-07-03T23:46:22.487-0300][4.436s] GC(6) Concurrent Cleanup for Next Mark 2.522ms
[2024-07-03T23:46:22.487-0300][4.436s] GC(6) Concurrent Mark Cycle 60.728ms
