[2024-07-03T15:19:14.673-0300][0.019s] Using G1
[2024-07-03T15:19:15.101-0300][0.447s] Version: 17.0.7+7 (release)
[2024-07-03T15:19:15.101-0300][0.447s] CPUs: 5 total, 5 available
[2024-07-03T15:19:15.101-0300][0.447s] Memory: 7941M
[2024-07-03T15:19:15.101-0300][0.447s] Large Page Support: Disabled
[2024-07-03T15:19:15.101-0300][0.447s] NUMA Support: Disabled
[2024-07-03T15:19:15.101-0300][0.447s] Compressed Oops: Enabled (32-bit)
[2024-07-03T15:19:15.101-0300][0.447s] Heap Region Size: 1M
[2024-07-03T15:19:15.101-0300][0.447s] Heap Min Capacity: 512M
[2024-07-03T15:19:15.101-0300][0.447s] Heap Initial Capacity: 512M
[2024-07-03T15:19:15.101-0300][0.447s] Heap Max Capacity: 512M
[2024-07-03T15:19:15.101-0300][0.447s] Pre-touch: Enabled
[2024-07-03T15:19:15.101-0300][0.447s] Parallel Workers: 5
[2024-07-03T15:19:15.101-0300][0.447s] Concurrent Workers: 1
[2024-07-03T15:19:15.102-0300][0.447s] Concurrent Refinement Workers: 5
[2024-07-03T15:19:15.102-0300][0.447s] Periodic GC: Disabled
[2024-07-03T15:19:15.102-0300][0.448s] CDS archive(s) mapped at: [0x0000000800000000-0x0000000800a7b000-0x0000000800a7b000), size 10989568, SharedBaseAddress: 0x0000000800000000, ArchiveRelocationMode: 0.
[2024-07-03T15:19:15.102-0300][0.448s] Compressed class space mapped at: 0x0000000801000000-0x0000000841000000, reserved size: 1073741824
[2024-07-03T15:19:15.102-0300][0.448s] Narrow klass base: 0x0000000800000000, Narrow klass shift: 0, Narrow klass range: 0x100000000
[2024-07-03T15:19:17.968-0300][3.314s] GC(0) Pause Young (Normal) (G1 Evacuation Pause)
[2024-07-03T15:19:17.968-0300][3.314s] GC(0) Using 5 workers of 5 for evacuation
[2024-07-03T15:19:17.982-0300][3.328s] GC(0)   Pre Evacuate Collection Set: 0.1ms
[2024-07-03T15:19:17.982-0300][3.328s] GC(0)   Merge Heap Roots: 0.0ms
[2024-07-03T15:19:17.982-0300][3.328s] GC(0)   Evacuate Collection Set: 12.7ms
[2024-07-03T15:19:17.982-0300][3.328s] GC(0)   Post Evacuate Collection Set: 0.6ms
[2024-07-03T15:19:17.982-0300][3.328s] GC(0)   Other: 0.1ms
[2024-07-03T15:19:17.982-0300][3.328s] GC(0) Eden regions: 25->0(35)
[2024-07-03T15:19:17.982-0300][3.328s] GC(0) Survivor regions: 0->4(4)
[2024-07-03T15:19:17.982-0300][3.328s] GC(0) Old regions: 0->0
[2024-07-03T15:19:17.982-0300][3.328s] GC(0) Archive regions: 2->2
[2024-07-03T15:19:17.982-0300][3.328s] GC(0) Humongous regions: 0->0
[2024-07-03T15:19:17.982-0300][3.328s] GC(0) Metaspace: 9222K(9408K)->9222K(9408K) NonClass: 8096K(8192K)->8096K(8192K) Class: 1126K(1216K)->1126K(1216K)
[2024-07-03T15:19:17.982-0300][3.328s] GC(0) Pause Young (Normal) (G1 Evacuation Pause) 25M->4M(512M) 13.517ms
[2024-07-03T15:19:17.982-0300][3.328s] GC(0) User=0.01s Sys=0.00s Real=0.01s
[2024-07-03T15:19:19.228-0300][4.574s] GC(1) Pause Young (Normal) (G1 Evacuation Pause)
[2024-07-03T15:19:19.228-0300][4.574s] GC(1) Using 5 workers of 5 for evacuation
[2024-07-03T15:19:19.244-0300][4.590s] GC(1)   Pre Evacuate Collection Set: 0.1ms
[2024-07-03T15:19:19.244-0300][4.590s] GC(1)   Merge Heap Roots: 0.0ms
[2024-07-03T15:19:19.244-0300][4.590s] GC(1)   Evacuate Collection Set: 14.5ms
[2024-07-03T15:19:19.244-0300][4.590s] GC(1)   Post Evacuate Collection Set: 1.0ms
[2024-07-03T15:19:19.244-0300][4.590s] GC(1)   Other: 0.1ms
[2024-07-03T15:19:19.244-0300][4.590s] GC(1) Eden regions: 33->0(38)
[2024-07-03T15:19:19.244-0300][4.590s] GC(1) Survivor regions: 4->5(5)
[2024-07-03T15:19:19.244-0300][4.590s] GC(1) Old regions: 0->9
[2024-07-03T15:19:19.244-0300][4.590s] GC(1) Archive regions: 2->2
[2024-07-03T15:19:19.244-0300][4.590s] GC(1) Humongous regions: 4->4
[2024-07-03T15:19:19.244-0300][4.590s] GC(1) Metaspace: 17479K(17792K)->17479K(17792K) NonClass: 15334K(15488K)->15334K(15488K) Class: 2144K(2304K)->2144K(2304K)
[2024-07-03T15:19:19.244-0300][4.590s] GC(1) Pause Young (Normal) (G1 Evacuation Pause) 41M->18M(512M) 15.727ms
[2024-07-03T15:19:19.244-0300][4.590s] GC(1) User=0.03s Sys=0.00s Real=0.01s
[2024-07-03T15:19:19.672-0300][5.018s] GC(2) Pause Young (Normal) (G1 Evacuation Pause)
[2024-07-03T15:19:19.672-0300][5.018s] GC(2) Using 5 workers of 5 for evacuation
[2024-07-03T15:19:19.677-0300][5.023s] GC(2)   Pre Evacuate Collection Set: 0.1ms
[2024-07-03T15:19:19.677-0300][5.023s] GC(2)   Merge Heap Roots: 0.0ms
[2024-07-03T15:19:19.677-0300][5.023s] GC(2)   Evacuate Collection Set: 4.2ms
[2024-07-03T15:19:19.677-0300][5.023s] GC(2)   Post Evacuate Collection Set: 0.5ms
[2024-07-03T15:19:19.677-0300][5.023s] GC(2)   Other: 0.1ms
[2024-07-03T15:19:19.677-0300][5.023s] GC(2) Eden regions: 38->0(59)
[2024-07-03T15:19:19.677-0300][5.023s] GC(2) Survivor regions: 5->4(6)
[2024-07-03T15:19:19.677-0300][5.023s] GC(2) Old regions: 9->14
[2024-07-03T15:19:19.677-0300][5.023s] GC(2) Archive regions: 2->2
[2024-07-03T15:19:19.677-0300][5.023s] GC(2) Humongous regions: 4->4
[2024-07-03T15:19:19.677-0300][5.023s] GC(2) Metaspace: 17761K(18112K)->17761K(18112K) NonClass: 15598K(15808K)->15598K(15808K) Class: 2162K(2304K)->2162K(2304K)
[2024-07-03T15:19:19.677-0300][5.023s] GC(2) Pause Young (Normal) (G1 Evacuation Pause) 56M->22M(512M) 4.922ms
[2024-07-03T15:19:19.677-0300][5.023s] GC(2) User=0.00s Sys=0.00s Real=0.00s
[2024-07-03T15:19:19.996-0300][5.342s] GC(3) Pause Young (Concurrent Start) (Metadata GC Threshold)
[2024-07-03T15:19:19.996-0300][5.342s] GC(3) Using 5 workers of 5 for evacuation
[2024-07-03T15:19:20.000-0300][5.346s] GC(3)   Pre Evacuate Collection Set: 0.1ms
[2024-07-03T15:19:20.000-0300][5.346s] GC(3)   Merge Heap Roots: 0.1ms
[2024-07-03T15:19:20.000-0300][5.346s] GC(3)   Evacuate Collection Set: 3.5ms
[2024-07-03T15:19:20.000-0300][5.346s] GC(3)   Post Evacuate Collection Set: 0.4ms
[2024-07-03T15:19:20.000-0300][5.346s] GC(3)   Other: 0.2ms
[2024-07-03T15:19:20.000-0300][5.346s] GC(3) Eden regions: 23->0(95)
[2024-07-03T15:19:20.000-0300][5.346s] GC(3) Survivor regions: 4->5(8)
[2024-07-03T15:19:20.000-0300][5.346s] GC(3) Old regions: 14->14
[2024-07-03T15:19:20.000-0300][5.346s] GC(3) Archive regions: 2->2
[2024-07-03T15:19:20.000-0300][5.346s] GC(3) Humongous regions: 5->5
[2024-07-03T15:19:20.000-0300][5.346s] GC(3) Metaspace: 21166K(21504K)->21166K(21504K) NonClass: 18609K(18816K)->18609K(18816K) Class: 2557K(2688K)->2557K(2688K)
[2024-07-03T15:19:20.000-0300][5.346s] GC(3) Pause Young (Concurrent Start) (Metadata GC Threshold) 46M->24M(512M) 4.380ms
[2024-07-03T15:19:20.000-0300][5.346s] GC(3) User=0.01s Sys=0.00s Real=0.01s
[2024-07-03T15:19:20.000-0300][5.346s] GC(4) Concurrent Mark Cycle
[2024-07-03T15:19:20.000-0300][5.346s] GC(4) Concurrent Clear Claimed Marks
[2024-07-03T15:19:20.000-0300][5.346s] GC(4) Concurrent Clear Claimed Marks 0.013ms
[2024-07-03T15:19:20.000-0300][5.346s] GC(4) Concurrent Scan Root Regions
[2024-07-03T15:19:20.002-0300][5.347s] GC(4) Concurrent Scan Root Regions 1.162ms
[2024-07-03T15:19:20.002-0300][5.347s] GC(4) Concurrent Mark
[2024-07-03T15:19:20.002-0300][5.347s] GC(4) Concurrent Mark From Roots
[2024-07-03T15:19:20.002-0300][5.347s] GC(4) Using 1 workers of 1 for marking
[2024-07-03T15:19:20.020-0300][5.366s] GC(4) Concurrent Mark From Roots 18.313ms
[2024-07-03T15:19:20.020-0300][5.366s] GC(4) Concurrent Preclean
[2024-07-03T15:19:20.020-0300][5.366s] GC(4) Concurrent Preclean 0.078ms
[2024-07-03T15:19:20.020-0300][5.366s] GC(4) Pause Remark
[2024-07-03T15:19:20.023-0300][5.369s] GC(4) Pause Remark 26M->26M(512M) 3.135ms
[2024-07-03T15:19:20.023-0300][5.369s] GC(4) User=0.01s Sys=0.00s Real=0.00s
[2024-07-03T15:19:20.023-0300][5.369s] GC(4) Concurrent Mark 21.722ms
[2024-07-03T15:19:20.023-0300][5.369s] GC(4) Concurrent Rebuild Remembered Sets
[2024-07-03T15:19:20.033-0300][5.379s] GC(4) Concurrent Rebuild Remembered Sets 9.555ms
[2024-07-03T15:19:20.033-0300][5.379s] GC(4) Pause Cleanup
[2024-07-03T15:19:20.033-0300][5.379s] GC(4) Pause Cleanup 27M->27M(512M) 0.077ms
[2024-07-03T15:19:20.033-0300][5.379s] GC(4) User=0.00s Sys=0.00s Real=0.00s
[2024-07-03T15:19:20.033-0300][5.379s] GC(4) Concurrent Cleanup for Next Mark
[2024-07-03T15:19:20.034-0300][5.380s] GC(4) Concurrent Cleanup for Next Mark 0.644ms
[2024-07-03T15:19:20.034-0300][5.380s] GC(4) Concurrent Mark Cycle 33.668ms
[2024-07-03T15:19:21.294-0300][6.640s] GC(5) Pause Young (Prepare Mixed) (Metadata GC Threshold)
[2024-07-03T15:19:21.294-0300][6.640s] GC(5) Using 5 workers of 5 for evacuation
[2024-07-03T15:19:21.306-0300][6.652s] GC(5)   Pre Evacuate Collection Set: 0.1ms
[2024-07-03T15:19:21.306-0300][6.652s] GC(5)   Merge Heap Roots: 0.0ms
[2024-07-03T15:19:21.306-0300][6.652s] GC(5)   Evacuate Collection Set: 7.9ms
[2024-07-03T15:19:21.306-0300][6.652s] GC(5)   Post Evacuate Collection Set: 3.5ms
[2024-07-03T15:19:21.306-0300][6.652s] GC(5)   Other: 0.1ms
[2024-07-03T15:19:21.306-0300][6.652s] GC(5) Eden regions: 89->0(13)
[2024-07-03T15:19:21.306-0300][6.652s] GC(5) Survivor regions: 5->12(14)
[2024-07-03T15:19:21.306-0300][6.652s] GC(5) Old regions: 14->14
[2024-07-03T15:19:21.306-0300][6.652s] GC(5) Archive regions: 2->2
[2024-07-03T15:19:21.306-0300][6.652s] GC(5) Humongous regions: 5->4
[2024-07-03T15:19:21.306-0300][6.652s] GC(5) Metaspace: 35608K(35968K)->35608K(35968K) NonClass: 31215K(31360K)->31215K(31360K) Class: 4392K(4608K)->4392K(4608K)
[2024-07-03T15:19:21.306-0300][6.652s] GC(5) Pause Young (Prepare Mixed) (Metadata GC Threshold) 113M->30M(512M) 11.766ms
[2024-07-03T15:19:21.306-0300][6.652s] GC(5) User=0.04s Sys=0.00s Real=0.01s
[2024-07-03T15:19:21.319-0300][6.665s] GC(6) Pause Young (Mixed) (Metadata GC Threshold)
[2024-07-03T15:19:21.319-0300][6.665s] GC(6) Using 5 workers of 5 for evacuation
[2024-07-03T15:19:21.328-0300][6.674s] GC(6)   Pre Evacuate Collection Set: 0.1ms
[2024-07-03T15:19:21.328-0300][6.674s] GC(6)   Merge Heap Roots: 0.0ms
[2024-07-03T15:19:21.328-0300][6.674s] GC(6)   Evacuate Collection Set: 7.4ms
[2024-07-03T15:19:21.328-0300][6.674s] GC(6)   Post Evacuate Collection Set: 0.9ms
[2024-07-03T15:19:21.328-0300][6.674s] GC(6)   Other: 0.1ms
[2024-07-03T15:19:21.328-0300][6.674s] GC(6) Eden regions: 2->0(127)
[2024-07-03T15:19:21.328-0300][6.674s] GC(6) Survivor regions: 12->1(4)
[2024-07-03T15:19:21.328-0300][6.674s] GC(6) Old regions: 14->26
[2024-07-03T15:19:21.328-0300][6.674s] GC(6) Archive regions: 2->2
[2024-07-03T15:19:21.328-0300][6.674s] GC(6) Humongous regions: 4->4
[2024-07-03T15:19:21.328-0300][6.674s] GC(6) Metaspace: 35921K(36288K)->35921K(36288K) NonClass: 31483K(31680K)->31483K(31680K) Class: 4438K(4608K)->4438K(4608K)
[2024-07-03T15:19:21.328-0300][6.674s] GC(6) Pause Young (Mixed) (Metadata GC Threshold) 32M->31M(512M) 8.572ms
[2024-07-03T15:19:21.328-0300][6.674s] GC(6) User=0.04s Sys=0.00s Real=0.01s
[2024-07-03T15:19:21.342-0300][6.687s] GC(7) Pause Young (Concurrent Start) (Metadata GC Threshold)
[2024-07-03T15:19:21.342-0300][6.687s] GC(7) Using 5 workers of 5 for evacuation
[2024-07-03T15:19:21.343-0300][6.689s] GC(7)   Pre Evacuate Collection Set: 0.1ms
[2024-07-03T15:19:21.343-0300][6.689s] GC(7)   Merge Heap Roots: 0.0ms
[2024-07-03T15:19:21.343-0300][6.689s] GC(7)   Evacuate Collection Set: 0.7ms
[2024-07-03T15:19:21.343-0300][6.689s] GC(7)   Post Evacuate Collection Set: 0.3ms
[2024-07-03T15:19:21.343-0300][6.689s] GC(7)   Other: 0.1ms
[2024-07-03T15:19:21.343-0300][6.689s] GC(7) Eden regions: 2->0(136)
[2024-07-03T15:19:21.343-0300][6.689s] GC(7) Survivor regions: 1->1(16)
[2024-07-03T15:19:21.343-0300][6.689s] GC(7) Old regions: 26->26
[2024-07-03T15:19:21.343-0300][6.689s] GC(7) Archive regions: 2->2
[2024-07-03T15:19:21.343-0300][6.689s] GC(7) Humongous regions: 4->4
[2024-07-03T15:19:21.343-0300][6.689s] GC(7) Metaspace: 36225K(36608K)->36225K(36608K) NonClass: 31750K(31936K)->31750K(31936K) Class: 4475K(4672K)->4475K(4672K)
[2024-07-03T15:19:21.343-0300][6.689s] GC(7) Pause Young (Concurrent Start) (Metadata GC Threshold) 32M->30M(512M) 1.289ms
[2024-07-03T15:19:21.343-0300][6.689s] GC(7) User=0.00s Sys=0.00s Real=0.00s
[2024-07-03T15:19:21.343-0300][6.689s] GC(8) Concurrent Mark Cycle
[2024-07-03T15:19:21.343-0300][6.689s] GC(8) Concurrent Clear Claimed Marks
[2024-07-03T15:19:21.343-0300][6.689s] GC(8) Concurrent Clear Claimed Marks 0.010ms
[2024-07-03T15:19:21.343-0300][6.689s] GC(8) Concurrent Scan Root Regions
[2024-07-03T15:19:21.344-0300][6.689s] GC(8) Concurrent Scan Root Regions 0.662ms
[2024-07-03T15:19:21.344-0300][6.689s] GC(8) Concurrent Mark
[2024-07-03T15:19:21.344-0300][6.689s] GC(8) Concurrent Mark From Roots
[2024-07-03T15:19:21.344-0300][6.689s] GC(8) Using 1 workers of 1 for marking
[2024-07-03T15:19:21.381-0300][6.727s] GC(8) Concurrent Mark From Roots 37.649ms
[2024-07-03T15:19:21.381-0300][6.727s] GC(8) Concurrent Preclean
[2024-07-03T15:19:21.381-0300][6.727s] GC(8) Concurrent Preclean 0.159ms
[2024-07-03T15:19:21.382-0300][6.727s] GC(8) Pause Remark
[2024-07-03T15:19:21.385-0300][6.731s] GC(8) Pause Remark 35M->35M(512M) 3.360ms
[2024-07-03T15:19:21.385-0300][6.731s] GC(8) User=0.01s Sys=0.00s Real=0.00s
[2024-07-03T15:19:21.385-0300][6.731s] GC(8) Concurrent Mark 41.445ms
[2024-07-03T15:19:21.385-0300][6.731s] GC(8) Concurrent Rebuild Remembered Sets
[2024-07-03T15:19:21.400-0300][6.746s] GC(8) Concurrent Rebuild Remembered Sets 14.901ms
[2024-07-03T15:19:21.400-0300][6.746s] GC(8) Pause Cleanup
[2024-07-03T15:19:21.400-0300][6.746s] GC(8) Pause Cleanup 35M->35M(512M) 0.083ms
[2024-07-03T15:19:21.400-0300][6.746s] GC(8) User=0.00s Sys=0.00s Real=0.00s
[2024-07-03T15:19:21.400-0300][6.746s] GC(8) Concurrent Cleanup for Next Mark
[2024-07-03T15:19:21.401-0300][6.747s] GC(8) Concurrent Cleanup for Next Mark 0.747ms
[2024-07-03T15:19:21.401-0300][6.747s] GC(8) Concurrent Mark Cycle 58.152ms
[2024-07-03T15:28:51.030-0300][576.376s] GC(9) Pause Young (Concurrent Start) (G1 Evacuation Pause)
[2024-07-03T15:28:51.030-0300][576.376s] GC(9) Using 5 workers of 5 for evacuation
[2024-07-03T15:28:51.042-0300][576.388s] GC(9)   Pre Evacuate Collection Set: 0.2ms
[2024-07-03T15:28:51.042-0300][576.388s] GC(9)   Merge Heap Roots: 0.3ms
[2024-07-03T15:28:51.042-0300][576.388s] GC(9)   Evacuate Collection Set: 10.5ms
[2024-07-03T15:28:51.042-0300][576.388s] GC(9)   Post Evacuate Collection Set: 0.9ms
[2024-07-03T15:28:51.042-0300][576.388s] GC(9)   Other: 0.3ms
[2024-07-03T15:28:51.042-0300][576.388s] GC(9) Eden regions: 141->0(296)
[2024-07-03T15:28:51.042-0300][576.388s] GC(9) Survivor regions: 1->11(18)
[2024-07-03T15:28:51.042-0300][576.388s] GC(9) Old regions: 26->26
[2024-07-03T15:28:51.042-0300][576.388s] GC(9) Archive regions: 2->2
[2024-07-03T15:28:51.042-0300][576.388s] GC(9) Humongous regions: 4->4
[2024-07-03T15:28:51.042-0300][576.388s] GC(9) Metaspace: 54159K(54656K)->54159K(54656K) NonClass: 47209K(47488K)->47209K(47488K) Class: 6950K(7168K)->6950K(7168K)
[2024-07-03T15:28:51.042-0300][576.388s] GC(9) Pause Young (Concurrent Start) (G1 Evacuation Pause) 171M->41M(512M) 12.224ms
[2024-07-03T15:28:51.042-0300][576.388s] GC(9) User=0.03s Sys=0.00s Real=0.01s
[2024-07-03T15:28:51.043-0300][576.388s] GC(10) Concurrent Mark Cycle
[2024-07-03T15:28:51.043-0300][576.388s] GC(10) Concurrent Clear Claimed Marks
[2024-07-03T15:28:51.043-0300][576.389s] GC(10) Concurrent Clear Claimed Marks 0.065ms
[2024-07-03T15:28:51.043-0300][576.389s] GC(10) Concurrent Scan Root Regions
[2024-07-03T15:28:51.050-0300][576.396s] GC(10) Concurrent Scan Root Regions 7.792ms
[2024-07-03T15:28:51.050-0300][576.396s] GC(10) Concurrent Mark
[2024-07-03T15:28:51.050-0300][576.396s] GC(10) Concurrent Mark From Roots
[2024-07-03T15:28:51.050-0300][576.396s] GC(10) Using 1 workers of 1 for marking
[2024-07-03T15:28:51.076-0300][576.422s] GC(10) Concurrent Mark From Roots 25.347ms
[2024-07-03T15:28:51.076-0300][576.422s] GC(10) Concurrent Preclean
[2024-07-03T15:28:51.076-0300][576.422s] GC(10) Concurrent Preclean 0.414ms
[2024-07-03T15:28:51.076-0300][576.422s] GC(10) Pause Remark
[2024-07-03T15:28:51.088-0300][576.434s] GC(10) Pause Remark 45M->45M(512M) 11.923ms
[2024-07-03T15:28:51.088-0300][576.434s] GC(10) User=0.02s Sys=0.00s Real=0.02s
[2024-07-03T15:28:51.088-0300][576.434s] GC(10) Concurrent Mark 37.947ms
[2024-07-03T15:28:51.088-0300][576.434s] GC(10) Concurrent Rebuild Remembered Sets
[2024-07-03T15:28:51.104-0300][576.450s] GC(10) Concurrent Rebuild Remembered Sets 15.997ms
[2024-07-03T15:28:51.105-0300][576.450s] GC(10) Pause Cleanup
[2024-07-03T15:28:51.105-0300][576.450s] GC(10) Pause Cleanup 46M->46M(512M) 0.071ms
[2024-07-03T15:28:51.105-0300][576.450s] GC(10) User=0.00s Sys=0.00s Real=0.00s
[2024-07-03T15:28:51.105-0300][576.451s] GC(10) Concurrent Cleanup for Next Mark
[2024-07-03T15:28:51.105-0300][576.451s] GC(10) Concurrent Cleanup for Next Mark 0.724ms
[2024-07-03T15:28:51.105-0300][576.451s] GC(10) Concurrent Mark Cycle 62.827ms
[2024-07-03T16:23:18.896-0300][3844.242s] GC(11) Pause Young (Normal) (G1 Evacuation Pause)
[2024-07-03T16:23:18.901-0300][3844.247s] GC(11) Using 5 workers of 5 for evacuation
[2024-07-03T16:23:18.967-0300][3844.313s] GC(11)   Pre Evacuate Collection Set: 1.2ms
[2024-07-03T16:23:18.967-0300][3844.313s] GC(11)   Merge Heap Roots: 1.2ms
[2024-07-03T16:23:18.967-0300][3844.313s] GC(11)   Evacuate Collection Set: 56.1ms
[2024-07-03T16:23:18.967-0300][3844.313s] GC(11)   Post Evacuate Collection Set: 4.7ms
[2024-07-03T16:23:18.967-0300][3844.313s] GC(11)   Other: 13.8ms
[2024-07-03T16:23:18.967-0300][3844.313s] GC(11) Eden regions: 296->0(295)
[2024-07-03T16:23:18.967-0300][3844.313s] GC(11) Survivor regions: 11->12(39)
[2024-07-03T16:23:18.967-0300][3844.313s] GC(11) Old regions: 26->26
[2024-07-03T16:23:18.967-0300][3844.313s] GC(11) Archive regions: 2->2
[2024-07-03T16:23:18.967-0300][3844.313s] GC(11) Humongous regions: 4->4
[2024-07-03T16:23:18.968-0300][3844.314s] GC(11) Metaspace: 57272K(57728K)->57272K(57728K) NonClass: 50214K(50496K)->50214K(50496K) Class: 7058K(7232K)->7058K(7232K)
[2024-07-03T16:23:18.968-0300][3844.314s] GC(11) Pause Young (Normal) (G1 Evacuation Pause) 337M->41M(512M) 72.382ms
[2024-07-03T16:23:18.968-0300][3844.314s] GC(11) User=0.08s Sys=0.02s Real=0.08s
