[2024-06-28T15:30:39.239-0300][0.016s] Using G1
[2024-06-28T15:30:39.541-0300][0.319s] Version: 17.0.7+7 (release)
[2024-06-28T15:30:39.541-0300][0.319s] CPUs: 5 total, 5 available
[2024-06-28T15:30:39.541-0300][0.319s] Memory: 7941M
[2024-06-28T15:30:39.541-0300][0.319s] Large Page Support: Disabled
[2024-06-28T15:30:39.541-0300][0.319s] NUMA Support: Disabled
[2024-06-28T15:30:39.541-0300][0.319s] Compressed Oops: Enabled (32-bit)
[2024-06-28T15:30:39.541-0300][0.319s] Heap Region Size: 1M
[2024-06-28T15:30:39.541-0300][0.319s] Heap Min Capacity: 512M
[2024-06-28T15:30:39.541-0300][0.319s] Heap Initial Capacity: 512M
[2024-06-28T15:30:39.541-0300][0.319s] Heap Max Capacity: 512M
[2024-06-28T15:30:39.541-0300][0.319s] Pre-touch: Enabled
[2024-06-28T15:30:39.541-0300][0.319s] Parallel Workers: 5
[2024-06-28T15:30:39.541-0300][0.319s] Concurrent Workers: 1
[2024-06-28T15:30:39.541-0300][0.319s] Concurrent Refinement Workers: 5
[2024-06-28T15:30:39.541-0300][0.319s] Periodic GC: Disabled
[2024-06-28T15:30:39.542-0300][0.320s] CDS archive(s) mapped at: [0x0000000800000000-0x0000000800a7b000-0x0000000800a7b000), size 10989568, SharedBaseAddress: 0x0000000800000000, ArchiveRelocationMode: 0.
[2024-06-28T15:30:39.542-0300][0.320s] Compressed class space mapped at: 0x0000000801000000-0x0000000841000000, reserved size: 1073741824
[2024-06-28T15:30:39.542-0300][0.320s] Narrow klass base: 0x0000000800000000, Narrow klass shift: 0, Narrow klass range: 0x100000000
[2024-06-28T15:30:42.933-0300][3.710s] GC(0) Pause Young (Normal) (G1 Evacuation Pause)
[2024-06-28T15:30:42.933-0300][3.710s] GC(0) Using 5 workers of 5 for evacuation
[2024-06-28T15:30:42.943-0300][3.721s] GC(0)   Pre Evacuate Collection Set: 0.1ms
[2024-06-28T15:30:42.943-0300][3.721s] GC(0)   Merge Heap Roots: 0.1ms
[2024-06-28T15:30:42.943-0300][3.721s] GC(0)   Evacuate Collection Set: 9.8ms
[2024-06-28T15:30:42.943-0300][3.721s] GC(0)   Post Evacuate Collection Set: 0.5ms
[2024-06-28T15:30:42.943-0300][3.721s] GC(0)   Other: 0.1ms
[2024-06-28T15:30:42.943-0300][3.721s] GC(0) Eden regions: 25->0(35)
[2024-06-28T15:30:42.943-0300][3.721s] GC(0) Survivor regions: 0->4(4)
[2024-06-28T15:30:42.943-0300][3.721s] GC(0) Old regions: 0->0
[2024-06-28T15:30:42.943-0300][3.721s] GC(0) Archive regions: 2->2
[2024-06-28T15:30:42.943-0300][3.721s] GC(0) Humongous regions: 0->0
[2024-06-28T15:30:42.943-0300][3.721s] GC(0) Metaspace: 9191K(9408K)->9191K(9408K) NonClass: 8067K(8192K)->8067K(8192K) Class: 1123K(1216K)->1123K(1216K)
[2024-06-28T15:30:42.943-0300][3.721s] GC(0) Pause Young (Normal) (G1 Evacuation Pause) 25M->4M(512M) 10.676ms
[2024-06-28T15:30:42.943-0300][3.721s] GC(0) User=0.02s Sys=0.00s Real=0.01s
[2024-06-28T15:30:43.874-0300][4.651s] GC(1) Pause Young (Normal) (G1 Evacuation Pause)
[2024-06-28T15:30:43.874-0300][4.651s] GC(1) Using 5 workers of 5 for evacuation
[2024-06-28T15:30:43.892-0300][4.670s] GC(1)   Pre Evacuate Collection Set: 0.0ms
[2024-06-28T15:30:43.892-0300][4.670s] GC(1)   Merge Heap Roots: 0.1ms
[2024-06-28T15:30:43.892-0300][4.670s] GC(1)   Evacuate Collection Set: 17.6ms
[2024-06-28T15:30:43.892-0300][4.670s] GC(1)   Post Evacuate Collection Set: 0.5ms
[2024-06-28T15:30:43.892-0300][4.670s] GC(1)   Other: 0.1ms
[2024-06-28T15:30:43.892-0300][4.670s] GC(1) Eden regions: 33->0(39)
[2024-06-28T15:30:43.892-0300][4.670s] GC(1) Survivor regions: 4->5(5)
[2024-06-28T15:30:43.892-0300][4.670s] GC(1) Old regions: 0->9
[2024-06-28T15:30:43.892-0300][4.670s] GC(1) Archive regions: 2->2
[2024-06-28T15:30:43.892-0300][4.670s] GC(1) Humongous regions: 4->4
[2024-06-28T15:30:43.892-0300][4.670s] GC(1) Metaspace: 17449K(17728K)->17449K(17728K) NonClass: 15305K(15424K)->15305K(15424K) Class: 2143K(2304K)->2143K(2304K)
[2024-06-28T15:30:43.892-0300][4.670s] GC(1) Pause Young (Normal) (G1 Evacuation Pause) 41M->18M(512M) 18.398ms
[2024-06-28T15:30:43.892-0300][4.670s] GC(1) User=0.02s Sys=0.00s Real=0.02s
[2024-06-28T15:30:44.191-0300][4.969s] GC(2) Pause Young (Normal) (G1 Evacuation Pause)
[2024-06-28T15:30:44.191-0300][4.969s] GC(2) Using 5 workers of 5 for evacuation
[2024-06-28T15:30:44.195-0300][4.972s] GC(2)   Pre Evacuate Collection Set: 0.1ms
[2024-06-28T15:30:44.195-0300][4.972s] GC(2)   Merge Heap Roots: 0.1ms
[2024-06-28T15:30:44.195-0300][4.972s] GC(2)   Evacuate Collection Set: 2.8ms
[2024-06-28T15:30:44.195-0300][4.972s] GC(2)   Post Evacuate Collection Set: 0.9ms
[2024-06-28T15:30:44.195-0300][4.972s] GC(2)   Other: 0.1ms
[2024-06-28T15:30:44.195-0300][4.972s] GC(2) Eden regions: 39->0(57)
[2024-06-28T15:30:44.195-0300][4.972s] GC(2) Survivor regions: 5->5(6)
[2024-06-28T15:30:44.195-0300][4.972s] GC(2) Old regions: 9->14
[2024-06-28T15:30:44.195-0300][4.972s] GC(2) Archive regions: 2->2
[2024-06-28T15:30:44.195-0300][4.972s] GC(2) Humongous regions: 4->4
[2024-06-28T15:30:44.195-0300][4.972s] GC(2) Metaspace: 17766K(18112K)->17766K(18112K) NonClass: 15602K(15808K)->15602K(15808K) Class: 2163K(2304K)->2163K(2304K)
[2024-06-28T15:30:44.195-0300][4.972s] GC(2) Pause Young (Normal) (G1 Evacuation Pause) 57M->23M(512M) 3.904ms
[2024-06-28T15:30:44.195-0300][4.972s] GC(2) User=0.01s Sys=0.00s Real=0.01s
[2024-06-28T15:30:44.535-0300][5.313s] GC(3) Pause Young (Concurrent Start) (Metadata GC Threshold)
[2024-06-28T15:30:44.535-0300][5.313s] GC(3) Using 5 workers of 5 for evacuation
[2024-06-28T15:30:44.541-0300][5.319s] GC(3)   Pre Evacuate Collection Set: 0.1ms
[2024-06-28T15:30:44.541-0300][5.319s] GC(3)   Merge Heap Roots: 0.1ms
[2024-06-28T15:30:44.541-0300][5.319s] GC(3)   Evacuate Collection Set: 5.4ms
[2024-06-28T15:30:44.541-0300][5.319s] GC(3)   Post Evacuate Collection Set: 0.4ms
[2024-06-28T15:30:44.541-0300][5.319s] GC(3)   Other: 0.1ms
[2024-06-28T15:30:44.541-0300][5.319s] GC(3) Eden regions: 23->0(89)
[2024-06-28T15:30:44.541-0300][5.319s] GC(3) Survivor regions: 5->7(8)
[2024-06-28T15:30:44.541-0300][5.319s] GC(3) Old regions: 14->14
[2024-06-28T15:30:44.541-0300][5.319s] GC(3) Archive regions: 2->2
[2024-06-28T15:30:44.541-0300][5.319s] GC(3) Humongous regions: 5->4
[2024-06-28T15:30:44.541-0300][5.319s] GC(3) Metaspace: 21148K(21504K)->21148K(21504K) NonClass: 18588K(18752K)->18588K(18752K) Class: 2559K(2752K)->2559K(2752K)
[2024-06-28T15:30:44.541-0300][5.319s] GC(3) Pause Young (Concurrent Start) (Metadata GC Threshold) 47M->24M(512M) 6.143ms
[2024-06-28T15:30:44.541-0300][5.319s] GC(3) User=0.01s Sys=0.00s Real=0.00s
[2024-06-28T15:30:44.541-0300][5.319s] GC(4) Concurrent Mark Cycle
[2024-06-28T15:30:44.541-0300][5.319s] GC(4) Concurrent Clear Claimed Marks
[2024-06-28T15:30:44.541-0300][5.319s] GC(4) Concurrent Clear Claimed Marks 0.027ms
[2024-06-28T15:30:44.541-0300][5.319s] GC(4) Concurrent Scan Root Regions
[2024-06-28T15:30:44.543-0300][5.320s] GC(4) Concurrent Scan Root Regions 1.162ms
[2024-06-28T15:30:44.543-0300][5.320s] GC(4) Concurrent Mark
[2024-06-28T15:30:44.543-0300][5.320s] GC(4) Concurrent Mark From Roots
[2024-06-28T15:30:44.543-0300][5.320s] GC(4) Using 1 workers of 1 for marking
[2024-06-28T15:30:44.561-0300][5.338s] GC(4) Concurrent Mark From Roots 18.069ms
[2024-06-28T15:30:44.561-0300][5.338s] GC(4) Concurrent Preclean
[2024-06-28T15:30:44.561-0300][5.338s] GC(4) Concurrent Preclean 0.072ms
[2024-06-28T15:30:44.561-0300][5.339s] GC(4) Pause Remark
[2024-06-28T15:30:44.564-0300][5.342s] GC(4) Pause Remark 25M->25M(512M) 3.116ms
[2024-06-28T15:30:44.564-0300][5.342s] GC(4) User=0.00s Sys=0.00s Real=0.01s
[2024-06-28T15:30:44.565-0300][5.343s] GC(4) Concurrent Mark 22.221ms
[2024-06-28T15:30:44.565-0300][5.343s] GC(4) Concurrent Rebuild Remembered Sets
[2024-06-28T15:30:44.575-0300][5.353s] GC(4) Concurrent Rebuild Remembered Sets 9.970ms
[2024-06-28T15:30:44.576-0300][5.354s] GC(4) Pause Cleanup
[2024-06-28T15:30:44.576-0300][5.354s] GC(4) Pause Cleanup 26M->26M(512M) 0.069ms
[2024-06-28T15:30:44.576-0300][5.354s] GC(4) User=0.00s Sys=0.00s Real=0.00s
[2024-06-28T15:30:44.577-0300][5.355s] GC(4) Concurrent Cleanup for Next Mark
[2024-06-28T15:30:44.578-0300][5.356s] GC(4) Concurrent Cleanup for Next Mark 0.697ms
[2024-06-28T15:30:44.578-0300][5.356s] GC(4) Concurrent Mark Cycle 36.650ms
[2024-06-28T15:30:45.813-0300][6.590s] GC(5) Pause Young (Concurrent Start) (Metadata GC Threshold)
[2024-06-28T15:30:45.813-0300][6.590s] GC(5) Using 5 workers of 5 for evacuation
[2024-06-28T15:30:45.818-0300][6.595s] GC(5)   Pre Evacuate Collection Set: 0.1ms
[2024-06-28T15:30:45.818-0300][6.595s] GC(5)   Merge Heap Roots: 0.0ms
[2024-06-28T15:30:45.818-0300][6.595s] GC(5)   Evacuate Collection Set: 4.3ms
[2024-06-28T15:30:45.818-0300][6.595s] GC(5)   Post Evacuate Collection Set: 0.4ms
[2024-06-28T15:30:45.818-0300][6.595s] GC(5)   Other: 0.1ms
[2024-06-28T15:30:45.818-0300][6.595s] GC(5) Eden regions: 97->0(295)
[2024-06-28T15:30:45.818-0300][6.595s] GC(5) Survivor regions: 7->12(13)
[2024-06-28T15:30:45.818-0300][6.595s] GC(5) Old regions: 14->14
[2024-06-28T15:30:45.818-0300][6.595s] GC(5) Archive regions: 2->2
[2024-06-28T15:30:45.818-0300][6.595s] GC(5) Humongous regions: 4->4
[2024-06-28T15:30:45.818-0300][6.595s] GC(5) Metaspace: 35561K(35968K)->35561K(35968K) NonClass: 31168K(31360K)->31168K(31360K) Class: 4392K(4608K)->4392K(4608K)
[2024-06-28T15:30:45.818-0300][6.595s] GC(5) Pause Young (Concurrent Start) (Metadata GC Threshold) 121M->30M(512M) 5.059ms
[2024-06-28T15:30:45.818-0300][6.595s] GC(5) User=0.02s Sys=0.00s Real=0.00s
[2024-06-28T15:30:45.818-0300][6.595s] GC(6) Concurrent Mark Cycle
[2024-06-28T15:30:45.818-0300][6.595s] GC(6) Concurrent Clear Claimed Marks
[2024-06-28T15:30:45.818-0300][6.595s] GC(6) Concurrent Clear Claimed Marks 0.019ms
[2024-06-28T15:30:45.818-0300][6.595s] GC(6) Concurrent Scan Root Regions
[2024-06-28T15:30:45.824-0300][6.602s] GC(6) Concurrent Scan Root Regions 6.612ms
[2024-06-28T15:30:45.824-0300][6.602s] GC(6) Concurrent Mark
[2024-06-28T15:30:45.824-0300][6.602s] GC(6) Concurrent Mark From Roots
[2024-06-28T15:30:45.824-0300][6.602s] GC(6) Using 1 workers of 1 for marking
[2024-06-28T15:30:45.841-0300][6.619s] GC(6) Concurrent Mark From Roots 16.782ms
[2024-06-28T15:30:45.841-0300][6.619s] GC(6) Concurrent Preclean
[2024-06-28T15:30:45.841-0300][6.619s] GC(6) Concurrent Preclean 0.066ms
[2024-06-28T15:30:45.841-0300][6.619s] GC(6) Pause Remark
[2024-06-28T15:30:45.844-0300][6.621s] GC(6) Pause Remark 33M->33M(512M) 2.247ms
[2024-06-28T15:30:45.844-0300][6.621s] GC(6) User=0.01s Sys=0.00s Real=0.01s
[2024-06-28T15:30:45.844-0300][6.621s] GC(6) Concurrent Mark 19.337ms
[2024-06-28T15:30:45.844-0300][6.621s] GC(6) Concurrent Rebuild Remembered Sets
[2024-06-28T15:30:45.853-0300][6.631s] GC(6) Concurrent Rebuild Remembered Sets 9.267ms
[2024-06-28T15:30:45.855-0300][6.633s] GC(6) Pause Cleanup
[2024-06-28T15:30:45.855-0300][6.633s] GC(6) Pause Cleanup 35M->35M(512M) 0.072ms
[2024-06-28T15:30:45.855-0300][6.633s] GC(6) User=0.00s Sys=0.00s Real=0.00s
[2024-06-28T15:30:45.856-0300][6.634s] GC(6) Concurrent Cleanup for Next Mark
[2024-06-28T15:30:45.857-0300][6.634s] GC(6) Concurrent Cleanup for Next Mark 0.652ms
[2024-06-28T15:30:45.857-0300][6.634s] GC(6) Concurrent Mark Cycle 39.000ms
