[2024-07-03T22:10:44.046-0300][0.011s] Using G1
[2024-07-03T22:10:44.439-0300][0.404s] Version: 17.0.7+7 (release)
[2024-07-03T22:10:44.439-0300][0.404s] CPUs: 5 total, 5 available
[2024-07-03T22:10:44.439-0300][0.404s] Memory: 7941M
[2024-07-03T22:10:44.439-0300][0.404s] Large Page Support: Disabled
[2024-07-03T22:10:44.439-0300][0.404s] NUMA Support: Disabled
[2024-07-03T22:10:44.439-0300][0.404s] Compressed Oops: Enabled (32-bit)
[2024-07-03T22:10:44.439-0300][0.404s] Heap Region Size: 1M
[2024-07-03T22:10:44.439-0300][0.404s] Heap Min Capacity: 512M
[2024-07-03T22:10:44.439-0300][0.404s] Heap Initial Capacity: 512M
[2024-07-03T22:10:44.439-0300][0.404s] Heap Max Capacity: 512M
[2024-07-03T22:10:44.439-0300][0.404s] Pre-touch: Enabled
[2024-07-03T22:10:44.439-0300][0.404s] Parallel Workers: 5
[2024-07-03T22:10:44.439-0300][0.404s] Concurrent Workers: 1
[2024-07-03T22:10:44.439-0300][0.404s] Concurrent Refinement Workers: 5
[2024-07-03T22:10:44.439-0300][0.404s] Periodic GC: Disabled
[2024-07-03T22:10:44.440-0300][0.404s] CDS archive(s) mapped at: [0x0000000800000000-0x0000000800a7b000-0x0000000800a7b000), size 10989568, SharedBaseAddress: 0x0000000800000000, ArchiveRelocationMode: 0.
[2024-07-03T22:10:44.440-0300][0.404s] Compressed class space mapped at: 0x0000000801000000-0x0000000841000000, reserved size: 1073741824
[2024-07-03T22:10:44.440-0300][0.404s] Narrow klass base: 0x0000000800000000, Narrow klass shift: 0, Narrow klass range: 0x100000000
[2024-07-03T22:10:48.226-0300][4.190s] GC(0) Pause Young (Normal) (G1 Evacuation Pause)
[2024-07-03T22:10:48.226-0300][4.190s] GC(0) Using 5 workers of 5 for evacuation
[2024-07-03T22:10:48.247-0300][4.212s] GC(0)   Pre Evacuate Collection Set: 0.1ms
[2024-07-03T22:10:48.247-0300][4.212s] GC(0)   Merge Heap Roots: 0.1ms
[2024-07-03T22:10:48.247-0300][4.212s] GC(0)   Evacuate Collection Set: 20.1ms
[2024-07-03T22:10:48.247-0300][4.212s] GC(0)   Post Evacuate Collection Set: 0.9ms
[2024-07-03T22:10:48.247-0300][4.212s] GC(0)   Other: 0.2ms
[2024-07-03T22:10:48.247-0300][4.212s] GC(0) Eden regions: 25->0(36)
[2024-07-03T22:10:48.247-0300][4.212s] GC(0) Survivor regions: 0->4(4)
[2024-07-03T22:10:48.247-0300][4.212s] GC(0) Old regions: 0->0
[2024-07-03T22:10:48.247-0300][4.212s] GC(0) Archive regions: 2->2
[2024-07-03T22:10:48.247-0300][4.212s] GC(0) Humongous regions: 0->0
[2024-07-03T22:10:48.247-0300][4.212s] GC(0) Metaspace: 9160K(9408K)->9160K(9408K) NonClass: 8040K(8192K)->8040K(8192K) Class: 1119K(1216K)->1119K(1216K)
[2024-07-03T22:10:48.247-0300][4.212s] GC(0) Pause Young (Normal) (G1 Evacuation Pause) 25M->4M(512M) 21.364ms
[2024-07-03T22:10:48.247-0300][4.212s] GC(0) User=0.01s Sys=0.00s Real=0.02s
[2024-07-03T22:10:50.231-0300][6.195s] GC(1) Pause Young (Normal) (G1 Evacuation Pause)
[2024-07-03T22:10:50.231-0300][6.196s] GC(1) Using 5 workers of 5 for evacuation
[2024-07-03T22:10:50.247-0300][6.211s] GC(1)   Pre Evacuate Collection Set: 0.1ms
[2024-07-03T22:10:50.247-0300][6.211s] GC(1)   Merge Heap Roots: 0.1ms
[2024-07-03T22:10:50.247-0300][6.211s] GC(1)   Evacuate Collection Set: 15.2ms
[2024-07-03T22:10:50.247-0300][6.211s] GC(1)   Post Evacuate Collection Set: 0.6ms
[2024-07-03T22:10:50.247-0300][6.211s] GC(1)   Other: 0.1ms
[2024-07-03T22:10:50.247-0300][6.212s] GC(1) Eden regions: 34->0(39)
[2024-07-03T22:10:50.247-0300][6.212s] GC(1) Survivor regions: 4->5(5)
[2024-07-03T22:10:50.247-0300][6.212s] GC(1) Old regions: 0->9
[2024-07-03T22:10:50.247-0300][6.212s] GC(1) Archive regions: 2->2
[2024-07-03T22:10:50.247-0300][6.212s] GC(1) Humongous regions: 4->4
[2024-07-03T22:10:50.247-0300][6.212s] GC(1) Metaspace: 17507K(17792K)->17507K(17792K) NonClass: 15348K(15488K)->15348K(15488K) Class: 2158K(2304K)->2158K(2304K)
[2024-07-03T22:10:50.247-0300][6.212s] GC(1) Pause Young (Normal) (G1 Evacuation Pause) 42M->18M(512M) 16.072ms
[2024-07-03T22:10:50.247-0300][6.212s] GC(1) User=0.02s Sys=0.00s Real=0.01s
[2024-07-03T22:10:50.743-0300][6.707s] GC(2) Pause Young (Normal) (G1 Evacuation Pause)
[2024-07-03T22:10:50.743-0300][6.707s] GC(2) Using 5 workers of 5 for evacuation
[2024-07-03T22:10:50.750-0300][6.715s] GC(2)   Pre Evacuate Collection Set: 0.1ms
[2024-07-03T22:10:50.750-0300][6.715s] GC(2)   Merge Heap Roots: 0.2ms
[2024-07-03T22:10:50.750-0300][6.715s] GC(2)   Evacuate Collection Set: 5.5ms
[2024-07-03T22:10:50.750-0300][6.715s] GC(2)   Post Evacuate Collection Set: 1.3ms
[2024-07-03T22:10:50.750-0300][6.715s] GC(2)   Other: 0.2ms
[2024-07-03T22:10:50.750-0300][6.715s] GC(2) Eden regions: 39->0(302)
[2024-07-03T22:10:50.750-0300][6.715s] GC(2) Survivor regions: 5->5(6)
[2024-07-03T22:10:50.750-0300][6.715s] GC(2) Old regions: 9->15
[2024-07-03T22:10:50.750-0300][6.715s] GC(2) Archive regions: 2->2
[2024-07-03T22:10:50.750-0300][6.715s] GC(2) Humongous regions: 4->4
[2024-07-03T22:10:50.750-0300][6.715s] GC(2) Metaspace: 17719K(18048K)->17719K(18048K) NonClass: 15556K(15744K)->15556K(15744K) Class: 2163K(2304K)->2163K(2304K)
[2024-07-03T22:10:50.750-0300][6.715s] GC(2) Pause Young (Normal) (G1 Evacuation Pause) 57M->23M(512M) 7.312ms
[2024-07-03T22:10:50.750-0300][6.715s] GC(2) User=0.02s Sys=0.00s Real=0.01s
[2024-07-03T22:10:51.315-0300][7.280s] GC(3) Pause Young (Concurrent Start) (Metadata GC Threshold)
[2024-07-03T22:10:51.315-0300][7.280s] GC(3) Using 5 workers of 5 for evacuation
[2024-07-03T22:10:51.320-0300][7.285s] GC(3)   Pre Evacuate Collection Set: 0.1ms
[2024-07-03T22:10:51.320-0300][7.285s] GC(3)   Merge Heap Roots: 0.1ms
[2024-07-03T22:10:51.320-0300][7.285s] GC(3)   Evacuate Collection Set: 4.1ms
[2024-07-03T22:10:51.320-0300][7.285s] GC(3)   Post Evacuate Collection Set: 0.4ms
[2024-07-03T22:10:51.320-0300][7.285s] GC(3)   Other: 0.2ms
[2024-07-03T22:10:51.320-0300][7.285s] GC(3) Eden regions: 24->0(301)
[2024-07-03T22:10:51.320-0300][7.285s] GC(3) Survivor regions: 5->6(39)
[2024-07-03T22:10:51.320-0300][7.285s] GC(3) Old regions: 15->15
[2024-07-03T22:10:51.320-0300][7.285s] GC(3) Archive regions: 2->2
[2024-07-03T22:10:51.320-0300][7.285s] GC(3) Humongous regions: 5->4
[2024-07-03T22:10:51.320-0300][7.285s] GC(3) Metaspace: 21204K(21504K)->21204K(21504K) NonClass: 18630K(18752K)->18630K(18752K) Class: 2573K(2752K)->2573K(2752K)
[2024-07-03T22:10:51.320-0300][7.285s] GC(3) Pause Young (Concurrent Start) (Metadata GC Threshold) 48M->25M(512M) 4.925ms
[2024-07-03T22:10:51.320-0300][7.285s] GC(3) User=0.00s Sys=0.00s Real=0.01s
[2024-07-03T22:10:51.320-0300][7.285s] GC(4) Concurrent Mark Cycle
[2024-07-03T22:10:51.320-0300][7.285s] GC(4) Concurrent Clear Claimed Marks
[2024-07-03T22:10:51.320-0300][7.285s] GC(4) Concurrent Clear Claimed Marks 0.024ms
[2024-07-03T22:10:51.320-0300][7.285s] GC(4) Concurrent Scan Root Regions
[2024-07-03T22:10:51.322-0300][7.286s] GC(4) Concurrent Scan Root Regions 1.370ms
[2024-07-03T22:10:51.322-0300][7.286s] GC(4) Concurrent Mark
[2024-07-03T22:10:51.322-0300][7.286s] GC(4) Concurrent Mark From Roots
[2024-07-03T22:10:51.322-0300][7.286s] GC(4) Using 1 workers of 1 for marking
[2024-07-03T22:10:51.354-0300][7.318s] GC(4) Concurrent Mark From Roots 32.142ms
[2024-07-03T22:10:51.354-0300][7.318s] GC(4) Concurrent Preclean
[2024-07-03T22:10:51.354-0300][7.318s] GC(4) Concurrent Preclean 0.120ms
[2024-07-03T22:10:51.354-0300][7.319s] GC(4) Pause Remark
[2024-07-03T22:10:51.358-0300][7.323s] GC(4) Pause Remark 26M->26M(512M) 4.031ms
[2024-07-03T22:10:51.358-0300][7.323s] GC(4) User=0.01s Sys=0.00s Real=0.00s
[2024-07-03T22:10:51.358-0300][7.323s] GC(4) Concurrent Mark 36.575ms
[2024-07-03T22:10:51.358-0300][7.323s] GC(4) Concurrent Rebuild Remembered Sets
[2024-07-03T22:10:51.370-0300][7.334s] GC(4) Concurrent Rebuild Remembered Sets 11.172ms
[2024-07-03T22:10:51.370-0300][7.334s] GC(4) Pause Cleanup
[2024-07-03T22:10:51.370-0300][7.334s] GC(4) Pause Cleanup 27M->27M(512M) 0.143ms
[2024-07-03T22:10:51.370-0300][7.334s] GC(4) User=0.00s Sys=0.00s Real=0.01s
[2024-07-03T22:10:51.371-0300][7.335s] GC(4) Concurrent Cleanup for Next Mark
[2024-07-03T22:10:51.371-0300][7.336s] GC(4) Concurrent Cleanup for Next Mark 0.866ms
[2024-07-03T22:10:51.371-0300][7.336s] GC(4) Concurrent Mark Cycle 51.059ms
[2024-07-03T22:10:53.303-0300][9.268s] GC(5) Pause Young (Concurrent Start) (Metadata GC Threshold)
[2024-07-03T22:10:53.303-0300][9.268s] GC(5) Using 5 workers of 5 for evacuation
[2024-07-03T22:10:53.312-0300][9.276s] GC(5)   Pre Evacuate Collection Set: 0.1ms
[2024-07-03T22:10:53.312-0300][9.276s] GC(5)   Merge Heap Roots: 0.1ms
[2024-07-03T22:10:53.312-0300][9.277s] GC(5)   Evacuate Collection Set: 7.8ms
[2024-07-03T22:10:53.312-0300][9.277s] GC(5)   Post Evacuate Collection Set: 0.8ms
[2024-07-03T22:10:53.312-0300][9.277s] GC(5)   Other: 0.2ms
[2024-07-03T22:10:53.312-0300][9.277s] GC(5) Eden regions: 102->0(295)
[2024-07-03T22:10:53.312-0300][9.277s] GC(5) Survivor regions: 6->12(39)
[2024-07-03T22:10:53.312-0300][9.277s] GC(5) Old regions: 15->15
[2024-07-03T22:10:53.312-0300][9.277s] GC(5) Archive regions: 2->2
[2024-07-03T22:10:53.312-0300][9.277s] GC(5) Humongous regions: 4->4
[2024-07-03T22:10:53.312-0300][9.277s] GC(5) Metaspace: 35958K(36288K)->35958K(36288K) NonClass: 31515K(31680K)->31515K(31680K) Class: 4442K(4608K)->4442K(4608K)
[2024-07-03T22:10:53.312-0300][9.277s] GC(5) Pause Young (Concurrent Start) (Metadata GC Threshold) 127M->30M(512M) 8.932ms
[2024-07-03T22:10:53.312-0300][9.277s] GC(5) User=0.02s Sys=0.01s Real=0.01s
[2024-07-03T22:10:53.312-0300][9.277s] GC(6) Concurrent Mark Cycle
[2024-07-03T22:10:53.312-0300][9.277s] GC(6) Concurrent Clear Claimed Marks
[2024-07-03T22:10:53.312-0300][9.277s] GC(6) Concurrent Clear Claimed Marks 0.029ms
[2024-07-03T22:10:53.312-0300][9.277s] GC(6) Concurrent Scan Root Regions
[2024-07-03T22:10:53.319-0300][9.284s] GC(6) Concurrent Scan Root Regions 7.054ms
[2024-07-03T22:10:53.319-0300][9.284s] GC(6) Concurrent Mark
[2024-07-03T22:10:53.319-0300][9.284s] GC(6) Concurrent Mark From Roots
[2024-07-03T22:10:53.319-0300][9.284s] GC(6) Using 1 workers of 1 for marking
[2024-07-03T22:10:53.352-0300][9.316s] GC(6) Concurrent Mark From Roots 32.362ms
[2024-07-03T22:10:53.352-0300][9.316s] GC(6) Concurrent Preclean
[2024-07-03T22:10:53.352-0300][9.316s] GC(6) Concurrent Preclean 0.113ms
[2024-07-03T22:10:53.359-0300][9.323s] GC(6) Pause Remark
[2024-07-03T22:10:53.363-0300][9.327s] GC(6) Pause Remark 35M->35M(512M) 4.023ms
[2024-07-03T22:10:53.363-0300][9.328s] GC(6) User=0.01s Sys=0.00s Real=0.01s
[2024-07-03T22:10:53.363-0300][9.328s] GC(6) Concurrent Mark 43.883ms
[2024-07-03T22:10:53.363-0300][9.328s] GC(6) Concurrent Rebuild Remembered Sets
[2024-07-03T22:10:53.376-0300][9.340s] GC(6) Concurrent Rebuild Remembered Sets 12.326ms
[2024-07-03T22:10:53.376-0300][9.340s] GC(6) Pause Cleanup
[2024-07-03T22:10:53.376-0300][9.341s] GC(6) Pause Cleanup 36M->36M(512M) 0.121ms
[2024-07-03T22:10:53.376-0300][9.341s] GC(6) User=0.00s Sys=0.00s Real=0.00s
[2024-07-03T22:10:53.376-0300][9.341s] GC(6) Concurrent Cleanup for Next Mark
[2024-07-03T22:10:53.377-0300][9.342s] GC(6) Concurrent Cleanup for Next Mark 0.996ms
[2024-07-03T22:10:53.377-0300][9.342s] GC(6) Concurrent Mark Cycle 65.126ms
