[2024-06-28T15:33:20.204-0300][0.019s] Using G1
[2024-06-28T15:33:20.507-0300][0.321s] Version: 17.0.7+7 (release)
[2024-06-28T15:33:20.507-0300][0.321s] CPUs: 5 total, 5 available
[2024-06-28T15:33:20.507-0300][0.321s] Memory: 7941M
[2024-06-28T15:33:20.507-0300][0.321s] Large Page Support: Disabled
[2024-06-28T15:33:20.507-0300][0.321s] NUMA Support: Disabled
[2024-06-28T15:33:20.507-0300][0.321s] Compressed Oops: Enabled (32-bit)
[2024-06-28T15:33:20.507-0300][0.321s] Heap Region Size: 1M
[2024-06-28T15:33:20.507-0300][0.321s] Heap Min Capacity: 512M
[2024-06-28T15:33:20.507-0300][0.321s] Heap Initial Capacity: 512M
[2024-06-28T15:33:20.507-0300][0.321s] Heap Max Capacity: 512M
[2024-06-28T15:33:20.507-0300][0.321s] Pre-touch: Enabled
[2024-06-28T15:33:20.507-0300][0.321s] Parallel Workers: 5
[2024-06-28T15:33:20.507-0300][0.321s] Concurrent Workers: 1
[2024-06-28T15:33:20.507-0300][0.321s] Concurrent Refinement Workers: 5
[2024-06-28T15:33:20.507-0300][0.321s] Periodic GC: Disabled
[2024-06-28T15:33:20.507-0300][0.322s] CDS archive(s) mapped at: [0x0000000800000000-0x0000000800a7b000-0x0000000800a7b000), size 10989568, SharedBaseAddress: 0x0000000800000000, ArchiveRelocationMode: 0.
[2024-06-28T15:33:20.507-0300][0.322s] Compressed class space mapped at: 0x0000000801000000-0x0000000841000000, reserved size: 1073741824
[2024-06-28T15:33:20.507-0300][0.322s] Narrow klass base: 0x0000000800000000, Narrow klass shift: 0, Narrow klass range: 0x100000000
[2024-06-28T15:33:22.990-0300][2.805s] GC(0) Pause Young (Normal) (G1 Evacuation Pause)
[2024-06-28T15:33:22.990-0300][2.805s] GC(0) Using 5 workers of 5 for evacuation
[2024-06-28T15:33:22.994-0300][2.809s] GC(0)   Pre Evacuate Collection Set: 0.1ms
[2024-06-28T15:33:22.994-0300][2.809s] GC(0)   Merge Heap Roots: 0.1ms
[2024-06-28T15:33:22.994-0300][2.809s] GC(0)   Evacuate Collection Set: 3.1ms
[2024-06-28T15:33:22.994-0300][2.809s] GC(0)   Post Evacuate Collection Set: 0.8ms
[2024-06-28T15:33:22.995-0300][2.809s] GC(0)   Other: 0.1ms
[2024-06-28T15:33:22.995-0300][2.809s] GC(0) Eden regions: 25->0(36)
[2024-06-28T15:33:22.995-0300][2.809s] GC(0) Survivor regions: 0->4(4)
[2024-06-28T15:33:22.995-0300][2.809s] GC(0) Old regions: 0->0
[2024-06-28T15:33:22.995-0300][2.809s] GC(0) Archive regions: 2->2
[2024-06-28T15:33:22.995-0300][2.809s] GC(0) Humongous regions: 0->0
[2024-06-28T15:33:22.995-0300][2.809s] GC(0) Metaspace: 9055K(9344K)->9055K(9344K) NonClass: 7950K(8128K)->7950K(8128K) Class: 1105K(1216K)->1105K(1216K)
[2024-06-28T15:33:22.995-0300][2.809s] GC(0) Pause Young (Normal) (G1 Evacuation Pause) 25M->4M(512M) 4.111ms
[2024-06-28T15:33:22.995-0300][2.809s] GC(0) User=0.01s Sys=0.00s Real=0.00s
[2024-06-28T15:33:23.872-0300][3.687s] GC(1) Pause Young (Normal) (G1 Evacuation Pause)
[2024-06-28T15:33:23.872-0300][3.687s] GC(1) Using 5 workers of 5 for evacuation
[2024-06-28T15:33:23.883-0300][3.697s] GC(1)   Pre Evacuate Collection Set: 0.1ms
[2024-06-28T15:33:23.883-0300][3.697s] GC(1)   Merge Heap Roots: 0.1ms
[2024-06-28T15:33:23.883-0300][3.697s] GC(1)   Evacuate Collection Set: 9.9ms
[2024-06-28T15:33:23.883-0300][3.697s] GC(1)   Post Evacuate Collection Set: 0.6ms
[2024-06-28T15:33:23.883-0300][3.698s] GC(1)   Other: 0.1ms
[2024-06-28T15:33:23.883-0300][3.698s] GC(1) Eden regions: 34->0(48)
[2024-06-28T15:33:23.883-0300][3.698s] GC(1) Survivor regions: 4->5(5)
[2024-06-28T15:33:23.883-0300][3.698s] GC(1) Old regions: 0->9
[2024-06-28T15:33:23.883-0300][3.698s] GC(1) Archive regions: 2->2
[2024-06-28T15:33:23.883-0300][3.698s] GC(1) Humongous regions: 4->4
[2024-06-28T15:33:23.883-0300][3.698s] GC(1) Metaspace: 17456K(17792K)->17456K(17792K) NonClass: 15312K(15488K)->15312K(15488K) Class: 2143K(2304K)->2143K(2304K)
[2024-06-28T15:33:23.883-0300][3.698s] GC(1) Pause Young (Normal) (G1 Evacuation Pause) 42M->18M(512M) 10.844ms
[2024-06-28T15:33:23.883-0300][3.698s] GC(1) User=0.02s Sys=0.01s Real=0.01s
[2024-06-28T15:33:24.346-0300][4.161s] GC(2) Pause Young (Normal) (G1 Evacuation Pause)
[2024-06-28T15:33:24.346-0300][4.161s] GC(2) Using 5 workers of 5 for evacuation
[2024-06-28T15:33:24.354-0300][4.168s] GC(2)   Pre Evacuate Collection Set: 0.1ms
[2024-06-28T15:33:24.354-0300][4.168s] GC(2)   Merge Heap Roots: 0.1ms
[2024-06-28T15:33:24.354-0300][4.168s] GC(2)   Evacuate Collection Set: 6.8ms
[2024-06-28T15:33:24.354-0300][4.168s] GC(2)   Post Evacuate Collection Set: 0.4ms
[2024-06-28T15:33:24.354-0300][4.168s] GC(2)   Other: 0.1ms
[2024-06-28T15:33:24.354-0300][4.168s] GC(2) Eden regions: 48->0(62)
[2024-06-28T15:33:24.354-0300][4.168s] GC(2) Survivor regions: 5->5(7)
[2024-06-28T15:33:24.354-0300][4.168s] GC(2) Old regions: 9->14
[2024-06-28T15:33:24.354-0300][4.168s] GC(2) Archive regions: 2->2
[2024-06-28T15:33:24.354-0300][4.168s] GC(2) Humongous regions: 4->4
[2024-06-28T15:33:24.354-0300][4.168s] GC(2) Metaspace: 18968K(19328K)->18968K(19328K) NonClass: 16684K(16896K)->16684K(16896K) Class: 2283K(2432K)->2283K(2432K)
[2024-06-28T15:33:24.354-0300][4.168s] GC(2) Pause Young (Normal) (G1 Evacuation Pause) 66M->23M(512M) 7.539ms
[2024-06-28T15:33:24.354-0300][4.168s] GC(2) User=0.01s Sys=0.00s Real=0.01s
[2024-06-28T15:33:24.563-0300][4.378s] GC(3) Pause Young (Concurrent Start) (Metadata GC Threshold)
[2024-06-28T15:33:24.564-0300][4.378s] GC(3) Using 5 workers of 5 for evacuation
[2024-06-28T15:33:24.566-0300][4.380s] GC(3)   Pre Evacuate Collection Set: 0.1ms
[2024-06-28T15:33:24.566-0300][4.380s] GC(3)   Merge Heap Roots: 0.1ms
[2024-06-28T15:33:24.566-0300][4.380s] GC(3)   Evacuate Collection Set: 2.0ms
[2024-06-28T15:33:24.566-0300][4.380s] GC(3)   Post Evacuate Collection Set: 0.4ms
[2024-06-28T15:33:24.566-0300][4.380s] GC(3)   Other: 0.2ms
[2024-06-28T15:33:24.566-0300][4.380s] GC(3) Eden regions: 15->0(87)
[2024-06-28T15:33:24.566-0300][4.380s] GC(3) Survivor regions: 5->6(9)
[2024-06-28T15:33:24.566-0300][4.380s] GC(3) Old regions: 14->14
[2024-06-28T15:33:24.566-0300][4.380s] GC(3) Archive regions: 2->2
[2024-06-28T15:33:24.566-0300][4.380s] GC(3) Humongous regions: 5->4
[2024-06-28T15:33:24.566-0300][4.380s] GC(3) Metaspace: 21153K(21504K)->21153K(21504K) NonClass: 18595K(18752K)->18595K(18752K) Class: 2558K(2752K)->2558K(2752K)
[2024-06-28T15:33:24.566-0300][4.380s] GC(3) Pause Young (Concurrent Start) (Metadata GC Threshold) 38M->24M(512M) 2.661ms
[2024-06-28T15:33:24.566-0300][4.380s] GC(3) User=0.00s Sys=0.00s Real=0.00s
[2024-06-28T15:33:24.566-0300][4.380s] GC(4) Concurrent Mark Cycle
[2024-06-28T15:33:24.566-0300][4.380s] GC(4) Concurrent Clear Claimed Marks
[2024-06-28T15:33:24.566-0300][4.380s] GC(4) Concurrent Clear Claimed Marks 0.012ms
[2024-06-28T15:33:24.566-0300][4.380s] GC(4) Concurrent Scan Root Regions
[2024-06-28T15:33:24.567-0300][4.382s] GC(4) Concurrent Scan Root Regions 1.141ms
[2024-06-28T15:33:24.567-0300][4.382s] GC(4) Concurrent Mark
[2024-06-28T15:33:24.567-0300][4.382s] GC(4) Concurrent Mark From Roots
[2024-06-28T15:33:24.567-0300][4.382s] GC(4) Using 1 workers of 1 for marking
[2024-06-28T15:33:24.588-0300][4.402s] GC(4) Concurrent Mark From Roots 20.265ms
[2024-06-28T15:33:24.588-0300][4.402s] GC(4) Concurrent Preclean
[2024-06-28T15:33:24.588-0300][4.402s] GC(4) Concurrent Preclean 0.076ms
[2024-06-28T15:33:24.588-0300][4.402s] GC(4) Pause Remark
[2024-06-28T15:33:24.590-0300][4.404s] GC(4) Pause Remark 26M->26M(512M) 1.970ms
[2024-06-28T15:33:24.590-0300][4.404s] GC(4) User=0.00s Sys=0.00s Real=0.00s
[2024-06-28T15:33:24.591-0300][4.406s] GC(4) Concurrent Mark 23.954ms
[2024-06-28T15:33:24.591-0300][4.406s] GC(4) Concurrent Rebuild Remembered Sets
[2024-06-28T15:33:24.602-0300][4.416s] GC(4) Concurrent Rebuild Remembered Sets 10.864ms
[2024-06-28T15:33:24.602-0300][4.417s] GC(4) Pause Cleanup
[2024-06-28T15:33:24.602-0300][4.417s] GC(4) Pause Cleanup 27M->27M(512M) 0.116ms
[2024-06-28T15:33:24.602-0300][4.417s] GC(4) User=0.00s Sys=0.00s Real=0.00s
[2024-06-28T15:33:24.602-0300][4.417s] GC(4) Concurrent Cleanup for Next Mark
[2024-06-28T15:33:24.603-0300][4.417s] GC(4) Concurrent Cleanup for Next Mark 0.632ms
[2024-06-28T15:33:24.603-0300][4.417s] GC(4) Concurrent Mark Cycle 36.976ms
[2024-06-28T15:33:25.875-0300][5.689s] GC(5) Pause Young (Concurrent Start) (Metadata GC Threshold)
[2024-06-28T15:33:25.875-0300][5.689s] GC(5) Using 5 workers of 5 for evacuation
[2024-06-28T15:33:25.884-0300][5.698s] GC(5)   Pre Evacuate Collection Set: 0.1ms
[2024-06-28T15:33:25.884-0300][5.698s] GC(5)   Merge Heap Roots: 0.1ms
[2024-06-28T15:33:25.884-0300][5.698s] GC(5)   Evacuate Collection Set: 5.6ms
[2024-06-28T15:33:25.884-0300][5.698s] GC(5)   Post Evacuate Collection Set: 3.6ms
[2024-06-28T15:33:25.884-0300][5.698s] GC(5)   Other: 0.1ms
[2024-06-28T15:33:25.884-0300][5.698s] GC(5) Eden regions: 88->0(295)
[2024-06-28T15:33:25.884-0300][5.698s] GC(5) Survivor regions: 6->12(13)
[2024-06-28T15:33:25.884-0300][5.698s] GC(5) Old regions: 14->14
[2024-06-28T15:33:25.884-0300][5.698s] GC(5) Archive regions: 2->2
[2024-06-28T15:33:25.884-0300][5.698s] GC(5) Humongous regions: 4->4
[2024-06-28T15:33:25.884-0300][5.698s] GC(5) Metaspace: 35824K(36160K)->35824K(36160K) NonClass: 31396K(31552K)->31396K(31552K) Class: 4427K(4608K)->4427K(4608K)
[2024-06-28T15:33:25.884-0300][5.698s] GC(5) Pause Young (Concurrent Start) (Metadata GC Threshold) 112M->30M(512M) 9.515ms
[2024-06-28T15:33:25.884-0300][5.698s] GC(5) User=0.03s Sys=0.00s Real=0.01s
[2024-06-28T15:33:25.884-0300][5.698s] GC(6) Concurrent Mark Cycle
[2024-06-28T15:33:25.884-0300][5.699s] GC(6) Concurrent Clear Claimed Marks
[2024-06-28T15:33:25.884-0300][5.699s] GC(6) Concurrent Clear Claimed Marks 0.041ms
[2024-06-28T15:33:25.884-0300][5.699s] GC(6) Concurrent Scan Root Regions
[2024-06-28T15:33:25.890-0300][5.704s] GC(6) Concurrent Scan Root Regions 5.289ms
[2024-06-28T15:33:25.890-0300][5.704s] GC(6) Concurrent Mark
[2024-06-28T15:33:25.890-0300][5.704s] GC(6) Concurrent Mark From Roots
[2024-06-28T15:33:25.890-0300][5.704s] GC(6) Using 1 workers of 1 for marking
[2024-06-28T15:33:25.911-0300][5.725s] GC(6) Concurrent Mark From Roots 21.171ms
[2024-06-28T15:33:25.911-0300][5.725s] GC(6) Concurrent Preclean
[2024-06-28T15:33:25.912-0300][5.726s] GC(6) Concurrent Preclean 1.286ms
[2024-06-28T15:33:25.912-0300][5.726s] GC(6) Pause Remark
[2024-06-28T15:33:25.915-0300][5.729s] GC(6) Pause Remark 34M->34M(512M) 3.014ms
[2024-06-28T15:33:25.915-0300][5.730s] GC(6) User=0.01s Sys=0.00s Real=0.00s
[2024-06-28T15:33:25.915-0300][5.730s] GC(6) Concurrent Mark 25.688ms
[2024-06-28T15:33:25.915-0300][5.730s] GC(6) Concurrent Rebuild Remembered Sets
[2024-06-28T15:33:25.926-0300][5.740s] GC(6) Concurrent Rebuild Remembered Sets 10.180ms
[2024-06-28T15:33:25.926-0300][5.740s] GC(6) Pause Cleanup
[2024-06-28T15:33:25.926-0300][5.740s] GC(6) Pause Cleanup 35M->35M(512M) 0.081ms
[2024-06-28T15:33:25.926-0300][5.740s] GC(6) User=0.00s Sys=0.00s Real=0.00s
[2024-06-28T15:33:25.928-0300][5.742s] GC(6) Concurrent Cleanup for Next Mark
[2024-06-28T15:33:25.928-0300][5.743s] GC(6) Concurrent Cleanup for Next Mark 0.722ms
[2024-06-28T15:33:25.928-0300][5.743s] GC(6) Concurrent Mark Cycle 44.104ms
